============================= test session starts ==============================
platform darwin -- Python 3.11.0, pytest-8.4.2, pluggy-1.6.0
rootdir: /Users/likhith./Veliora.AI_backend.
plugins: asyncio-1.1.0, mock-3.14.1, anyio-3.7.1
asyncio: mode=Mode.STRICT, asyncio_default_fixture_loop_scope=None, asyncio_default_test_loop_scope=function
collected 71 items

tests/test_auth.py .....F..                                              [ 11%]
tests/test_chat_write_behind.py EEEEEEEEE...E                            [ 29%]
tests/test_games.py EEEEEEEEEE                                           [ 43%]
tests/test_multimodal.py FFFFFF                                          [ 52%]
tests/test_vector_search.py ........                                     [ 63%]
tests/test_voice_websocket.py EFE..EEEEE..                               [ 80%]
tests/test_xp_gamification.py EEEEEEEEEEEEEE                             [100%]

==================================== ERRORS ====================================
_ ERROR at setup of TestAppendMessage.test_append_message_stores_json_in_redis _

fixturedef = <FixtureDef argname='mock_redis' scope='function' baseid='tests'>
request = <SubRequest 'mock_redis' for <Coroutine test_append_message_stores_json_in_redis>>

    @pytest.hookimpl(wrapper=True)
    def pytest_fixture_setup(fixturedef: FixtureDef, request) -> object | None:
        asyncio_mode = _get_asyncio_mode(request.config)
        if not _is_asyncio_fixture_function(fixturedef.func):
            if asyncio_mode == Mode.STRICT:
                # Ignore async fixtures without explicit asyncio mark in strict mode
                # This applies to pytest_trio fixtures, for example
>               return (yield)
                        ^^^^^

/Library/Frameworks/Python.framework/Versions/3.11/lib/python3.11/site-packages/pytest_asyncio/plugin.py:681: 
_ _ _ _ _ _ _ _ _ _ _ _ _ _ _ _ _ _ _ _ _ _ _ _ _ _ _ _ _ _ _ _ _ _ _ _ _ _ _ _ 
tests/conftest.py:210: in mock_redis
    with mock as m:
/Library/Frameworks/Python.framework/Versions/3.11/lib/python3.11/unittest/mock.py:1427: in __enter__
    original, local = self.get_original()
                      ^^^^^^^^^^^^^^^^^^^
_ _ _ _ _ _ _ _ _ _ _ _ _ _ _ _ _ _ _ _ _ _ _ _ _ _ _ _ _ _ _ _ _ _ _ _ _ _ _ _ 

self = <unittest.mock._patch object at 0x104fe6e90>

    def get_original(self):
        target = self.getter()
        name = self.attribute
    
        original = DEFAULT
        local = False
    
        try:
            original = target.__dict__[name]
        except (AttributeError, KeyError):
            original = getattr(target, name, DEFAULT)
        else:
            local = True
    
        if name in _builtins and isinstance(target, ModuleType):
            self.create = True
    
        if not self.create and original is DEFAULT:
>           raise AttributeError(
                "%s does not have the attribute %r" % (target, name)
            )
E           AttributeError: <module 'services.redis_cache' from '/Users/likhith./Veliora.AI_backend./services/redis_cache.py'> does not have the attribute '_redis_command'

/Library/Frameworks/Python.framework/Versions/3.11/lib/python3.11/unittest/mock.py:1400: AttributeError
______ ERROR at setup of TestAppendMessage.test_append_message_trims_list ______

fixturedef = <FixtureDef argname='mock_redis' scope='function' baseid='tests'>
request = <SubRequest 'mock_redis' for <Coroutine test_append_message_trims_list>>

    @pytest.hookimpl(wrapper=True)
    def pytest_fixture_setup(fixturedef: FixtureDef, request) -> object | None:
        asyncio_mode = _get_asyncio_mode(request.config)
        if not _is_asyncio_fixture_function(fixturedef.func):
            if asyncio_mode == Mode.STRICT:
                # Ignore async fixtures without explicit asyncio mark in strict mode
                # This applies to pytest_trio fixtures, for example
>               return (yield)
                        ^^^^^

/Library/Frameworks/Python.framework/Versions/3.11/lib/python3.11/site-packages/pytest_asyncio/plugin.py:681: 
_ _ _ _ _ _ _ _ _ _ _ _ _ _ _ _ _ _ _ _ _ _ _ _ _ _ _ _ _ _ _ _ _ _ _ _ _ _ _ _ 
tests/conftest.py:210: in mock_redis
    with mock as m:
/Library/Frameworks/Python.framework/Versions/3.11/lib/python3.11/unittest/mock.py:1427: in __enter__
    original, local = self.get_original()
                      ^^^^^^^^^^^^^^^^^^^
_ _ _ _ _ _ _ _ _ _ _ _ _ _ _ _ _ _ _ _ _ _ _ _ _ _ _ _ _ _ _ _ _ _ _ _ _ _ _ _ 

self = <unittest.mock._patch object at 0x10502e810>

    def get_original(self):
        target = self.getter()
        name = self.attribute
    
        original = DEFAULT
        local = False
    
        try:
            original = target.__dict__[name]
        except (AttributeError, KeyError):
            original = getattr(target, name, DEFAULT)
        else:
            local = True
    
        if name in _builtins and isinstance(target, ModuleType):
            self.create = True
    
        if not self.create and original is DEFAULT:
>           raise AttributeError(
                "%s does not have the attribute %r" % (target, name)
            )
E           AttributeError: <module 'services.redis_cache' from '/Users/likhith./Veliora.AI_backend./services/redis_cache.py'> does not have the attribute '_redis_command'

/Library/Frameworks/Python.framework/Versions/3.11/lib/python3.11/unittest/mock.py:1400: AttributeError
_______ ERROR at setup of TestAppendMessage.test_append_message_sets_ttl _______

fixturedef = <FixtureDef argname='mock_redis' scope='function' baseid='tests'>
request = <SubRequest 'mock_redis' for <Coroutine test_append_message_sets_ttl>>

    @pytest.hookimpl(wrapper=True)
    def pytest_fixture_setup(fixturedef: FixtureDef, request) -> object | None:
        asyncio_mode = _get_asyncio_mode(request.config)
        if not _is_asyncio_fixture_function(fixturedef.func):
            if asyncio_mode == Mode.STRICT:
                # Ignore async fixtures without explicit asyncio mark in strict mode
                # This applies to pytest_trio fixtures, for example
>               return (yield)
                        ^^^^^

/Library/Frameworks/Python.framework/Versions/3.11/lib/python3.11/site-packages/pytest_asyncio/plugin.py:681: 
_ _ _ _ _ _ _ _ _ _ _ _ _ _ _ _ _ _ _ _ _ _ _ _ _ _ _ _ _ _ _ _ _ _ _ _ _ _ _ _ 
tests/conftest.py:210: in mock_redis
    with mock as m:
/Library/Frameworks/Python.framework/Versions/3.11/lib/python3.11/unittest/mock.py:1427: in __enter__
    original, local = self.get_original()
                      ^^^^^^^^^^^^^^^^^^^
_ _ _ _ _ _ _ _ _ _ _ _ _ _ _ _ _ _ _ _ _ _ _ _ _ _ _ _ _ _ _ _ _ _ _ _ _ _ _ _ 

self = <unittest.mock._patch object at 0x10489e090>

    def get_original(self):
        target = self.getter()
        name = self.attribute
    
        original = DEFAULT
        local = False
    
        try:
            original = target.__dict__[name]
        except (AttributeError, KeyError):
            original = getattr(target, name, DEFAULT)
        else:
            local = True
    
        if name in _builtins and isinstance(target, ModuleType):
            self.create = True
    
        if not self.create and original is DEFAULT:
>           raise AttributeError(
                "%s does not have the attribute %r" % (target, name)
            )
E           AttributeError: <module 'services.redis_cache' from '/Users/likhith./Veliora.AI_backend./services/redis_cache.py'> does not have the attribute '_redis_command'

/Library/Frameworks/Python.framework/Versions/3.11/lib/python3.11/unittest/mock.py:1400: AttributeError
_ ERROR at setup of TestLoadContext.test_load_context_returns_parsed_messages __

fixturedef = <FixtureDef argname='mock_redis' scope='function' baseid='tests'>
request = <SubRequest 'mock_redis' for <Coroutine test_load_context_returns_parsed_messages>>

    @pytest.hookimpl(wrapper=True)
    def pytest_fixture_setup(fixturedef: FixtureDef, request) -> object | None:
        asyncio_mode = _get_asyncio_mode(request.config)
        if not _is_asyncio_fixture_function(fixturedef.func):
            if asyncio_mode == Mode.STRICT:
                # Ignore async fixtures without explicit asyncio mark in strict mode
                # This applies to pytest_trio fixtures, for example
>               return (yield)
                        ^^^^^

/Library/Frameworks/Python.framework/Versions/3.11/lib/python3.11/site-packages/pytest_asyncio/plugin.py:681: 
_ _ _ _ _ _ _ _ _ _ _ _ _ _ _ _ _ _ _ _ _ _ _ _ _ _ _ _ _ _ _ _ _ _ _ _ _ _ _ _ 
tests/conftest.py:210: in mock_redis
    with mock as m:
/Library/Frameworks/Python.framework/Versions/3.11/lib/python3.11/unittest/mock.py:1427: in __enter__
    original, local = self.get_original()
                      ^^^^^^^^^^^^^^^^^^^
_ _ _ _ _ _ _ _ _ _ _ _ _ _ _ _ _ _ _ _ _ _ _ _ _ _ _ _ _ _ _ _ _ _ _ _ _ _ _ _ 

self = <unittest.mock._patch object at 0x105eef1d0>

    def get_original(self):
        target = self.getter()
        name = self.attribute
    
        original = DEFAULT
        local = False
    
        try:
            original = target.__dict__[name]
        except (AttributeError, KeyError):
            original = getattr(target, name, DEFAULT)
        else:
            local = True
    
        if name in _builtins and isinstance(target, ModuleType):
            self.create = True
    
        if not self.create and original is DEFAULT:
>           raise AttributeError(
                "%s does not have the attribute %r" % (target, name)
            )
E           AttributeError: <module 'services.redis_cache' from '/Users/likhith./Veliora.AI_backend./services/redis_cache.py'> does not have the attribute '_redis_command'

/Library/Frameworks/Python.framework/Versions/3.11/lib/python3.11/unittest/mock.py:1400: AttributeError
__ ERROR at setup of TestLoadContext.test_load_context_returns_empty_on_miss ___

fixturedef = <FixtureDef argname='mock_redis' scope='function' baseid='tests'>
request = <SubRequest 'mock_redis' for <Coroutine test_load_context_returns_empty_on_miss>>

    @pytest.hookimpl(wrapper=True)
    def pytest_fixture_setup(fixturedef: FixtureDef, request) -> object | None:
        asyncio_mode = _get_asyncio_mode(request.config)
        if not _is_asyncio_fixture_function(fixturedef.func):
            if asyncio_mode == Mode.STRICT:
                # Ignore async fixtures without explicit asyncio mark in strict mode
                # This applies to pytest_trio fixtures, for example
>               return (yield)
                        ^^^^^

/Library/Frameworks/Python.framework/Versions/3.11/lib/python3.11/site-packages/pytest_asyncio/plugin.py:681: 
_ _ _ _ _ _ _ _ _ _ _ _ _ _ _ _ _ _ _ _ _ _ _ _ _ _ _ _ _ _ _ _ _ _ _ _ _ _ _ _ 
tests/conftest.py:210: in mock_redis
    with mock as m:
/Library/Frameworks/Python.framework/Versions/3.11/lib/python3.11/unittest/mock.py:1427: in __enter__
    original, local = self.get_original()
                      ^^^^^^^^^^^^^^^^^^^
_ _ _ _ _ _ _ _ _ _ _ _ _ _ _ _ _ _ _ _ _ _ _ _ _ _ _ _ _ _ _ _ _ _ _ _ _ _ _ _ 

self = <unittest.mock._patch object at 0x1051a0410>

    def get_original(self):
        target = self.getter()
        name = self.attribute
    
        original = DEFAULT
        local = False
    
        try:
            original = target.__dict__[name]
        except (AttributeError, KeyError):
            original = getattr(target, name, DEFAULT)
        else:
            local = True
    
        if name in _builtins and isinstance(target, ModuleType):
            self.create = True
    
        if not self.create and original is DEFAULT:
>           raise AttributeError(
                "%s does not have the attribute %r" % (target, name)
            )
E           AttributeError: <module 'services.redis_cache' from '/Users/likhith./Veliora.AI_backend./services/redis_cache.py'> does not have the attribute '_redis_command'

/Library/Frameworks/Python.framework/Versions/3.11/lib/python3.11/unittest/mock.py:1400: AttributeError
___ ERROR at setup of TestWarmCacheFromDB.test_warm_cache_loads_all_messages ___

fixturedef = <FixtureDef argname='mock_redis' scope='function' baseid='tests'>
request = <SubRequest 'mock_redis' for <Coroutine test_warm_cache_loads_all_messages>>

    @pytest.hookimpl(wrapper=True)
    def pytest_fixture_setup(fixturedef: FixtureDef, request) -> object | None:
        asyncio_mode = _get_asyncio_mode(request.config)
        if not _is_asyncio_fixture_function(fixturedef.func):
            if asyncio_mode == Mode.STRICT:
                # Ignore async fixtures without explicit asyncio mark in strict mode
                # This applies to pytest_trio fixtures, for example
>               return (yield)
                        ^^^^^

/Library/Frameworks/Python.framework/Versions/3.11/lib/python3.11/site-packages/pytest_asyncio/plugin.py:681: 
_ _ _ _ _ _ _ _ _ _ _ _ _ _ _ _ _ _ _ _ _ _ _ _ _ _ _ _ _ _ _ _ _ _ _ _ _ _ _ _ 
tests/conftest.py:210: in mock_redis
    with mock as m:
/Library/Frameworks/Python.framework/Versions/3.11/lib/python3.11/unittest/mock.py:1427: in __enter__
    original, local = self.get_original()
                      ^^^^^^^^^^^^^^^^^^^
_ _ _ _ _ _ _ _ _ _ _ _ _ _ _ _ _ _ _ _ _ _ _ _ _ _ _ _ _ _ _ _ _ _ _ _ _ _ _ _ 

self = <unittest.mock._patch object at 0x103cebb10>

    def get_original(self):
        target = self.getter()
        name = self.attribute
    
        original = DEFAULT
        local = False
    
        try:
            original = target.__dict__[name]
        except (AttributeError, KeyError):
            original = getattr(target, name, DEFAULT)
        else:
            local = True
    
        if name in _builtins and isinstance(target, ModuleType):
            self.create = True
    
        if not self.create and original is DEFAULT:
>           raise AttributeError(
                "%s does not have the attribute %r" % (target, name)
            )
E           AttributeError: <module 'services.redis_cache' from '/Users/likhith./Veliora.AI_backend./services/redis_cache.py'> does not have the attribute '_redis_command'

/Library/Frameworks/Python.framework/Versions/3.11/lib/python3.11/unittest/mock.py:1400: AttributeError
______ ERROR at setup of TestWarmCacheFromDB.test_warm_cache_trims_to_max ______

fixturedef = <FixtureDef argname='mock_redis' scope='function' baseid='tests'>
request = <SubRequest 'mock_redis' for <Coroutine test_warm_cache_trims_to_max>>

    @pytest.hookimpl(wrapper=True)
    def pytest_fixture_setup(fixturedef: FixtureDef, request) -> object | None:
        asyncio_mode = _get_asyncio_mode(request.config)
        if not _is_asyncio_fixture_function(fixturedef.func):
            if asyncio_mode == Mode.STRICT:
                # Ignore async fixtures without explicit asyncio mark in strict mode
                # This applies to pytest_trio fixtures, for example
>               return (yield)
                        ^^^^^

/Library/Frameworks/Python.framework/Versions/3.11/lib/python3.11/site-packages/pytest_asyncio/plugin.py:681: 
_ _ _ _ _ _ _ _ _ _ _ _ _ _ _ _ _ _ _ _ _ _ _ _ _ _ _ _ _ _ _ _ _ _ _ _ _ _ _ _ 
tests/conftest.py:210: in mock_redis
    with mock as m:
/Library/Frameworks/Python.framework/Versions/3.11/lib/python3.11/unittest/mock.py:1427: in __enter__
    original, local = self.get_original()
                      ^^^^^^^^^^^^^^^^^^^
_ _ _ _ _ _ _ _ _ _ _ _ _ _ _ _ _ _ _ _ _ _ _ _ _ _ _ _ _ _ _ _ _ _ _ _ _ _ _ _ 

self = <unittest.mock._patch object at 0x104a5a190>

    def get_original(self):
        target = self.getter()
        name = self.attribute
    
        original = DEFAULT
        local = False
    
        try:
            original = target.__dict__[name]
        except (AttributeError, KeyError):
            original = getattr(target, name, DEFAULT)
        else:
            local = True
    
        if name in _builtins and isinstance(target, ModuleType):
            self.create = True
    
        if not self.create and original is DEFAULT:
>           raise AttributeError(
                "%s does not have the attribute %r" % (target, name)
            )
E           AttributeError: <module 'services.redis_cache' from '/Users/likhith./Veliora.AI_backend./services/redis_cache.py'> does not have the attribute '_redis_command'

/Library/Frameworks/Python.framework/Versions/3.11/lib/python3.11/unittest/mock.py:1400: AttributeError
_ ERROR at setup of TestWarmCacheFromDB.test_warm_cache_returns_empty_on_no_messages _

fixturedef = <FixtureDef argname='mock_redis' scope='function' baseid='tests'>
request = <SubRequest 'mock_redis' for <Coroutine test_warm_cache_returns_empty_on_no_messages>>

    @pytest.hookimpl(wrapper=True)
    def pytest_fixture_setup(fixturedef: FixtureDef, request) -> object | None:
        asyncio_mode = _get_asyncio_mode(request.config)
        if not _is_asyncio_fixture_function(fixturedef.func):
            if asyncio_mode == Mode.STRICT:
                # Ignore async fixtures without explicit asyncio mark in strict mode
                # This applies to pytest_trio fixtures, for example
>               return (yield)
                        ^^^^^

/Library/Frameworks/Python.framework/Versions/3.11/lib/python3.11/site-packages/pytest_asyncio/plugin.py:681: 
_ _ _ _ _ _ _ _ _ _ _ _ _ _ _ _ _ _ _ _ _ _ _ _ _ _ _ _ _ _ _ _ _ _ _ _ _ _ _ _ 
tests/conftest.py:210: in mock_redis
    with mock as m:
/Library/Frameworks/Python.framework/Versions/3.11/lib/python3.11/unittest/mock.py:1427: in __enter__
    original, local = self.get_original()
                      ^^^^^^^^^^^^^^^^^^^
_ _ _ _ _ _ _ _ _ _ _ _ _ _ _ _ _ _ _ _ _ _ _ _ _ _ _ _ _ _ _ _ _ _ _ _ _ _ _ _ 

self = <unittest.mock._patch object at 0x106018610>

    def get_original(self):
        target = self.getter()
        name = self.attribute
    
        original = DEFAULT
        local = False
    
        try:
            original = target.__dict__[name]
        except (AttributeError, KeyError):
            original = getattr(target, name, DEFAULT)
        else:
            local = True
    
        if name in _builtins and isinstance(target, ModuleType):
            self.create = True
    
        if not self.create and original is DEFAULT:
>           raise AttributeError(
                "%s does not have the attribute %r" % (target, name)
            )
E           AttributeError: <module 'services.redis_cache' from '/Users/likhith./Veliora.AI_backend./services/redis_cache.py'> does not have the attribute '_redis_command'

/Library/Frameworks/Python.framework/Versions/3.11/lib/python3.11/unittest/mock.py:1400: AttributeError
_ ERROR at setup of TestWarmCacheFromDB.test_warm_cache_fallback_on_redis_error _

fixturedef = <FixtureDef argname='mock_redis' scope='function' baseid='tests'>
request = <SubRequest 'mock_redis' for <Coroutine test_warm_cache_fallback_on_redis_error>>

    @pytest.hookimpl(wrapper=True)
    def pytest_fixture_setup(fixturedef: FixtureDef, request) -> object | None:
        asyncio_mode = _get_asyncio_mode(request.config)
        if not _is_asyncio_fixture_function(fixturedef.func):
            if asyncio_mode == Mode.STRICT:
                # Ignore async fixtures without explicit asyncio mark in strict mode
                # This applies to pytest_trio fixtures, for example
>               return (yield)
                        ^^^^^

/Library/Frameworks/Python.framework/Versions/3.11/lib/python3.11/site-packages/pytest_asyncio/plugin.py:681: 
_ _ _ _ _ _ _ _ _ _ _ _ _ _ _ _ _ _ _ _ _ _ _ _ _ _ _ _ _ _ _ _ _ _ _ _ _ _ _ _ 
tests/conftest.py:210: in mock_redis
    with mock as m:
/Library/Frameworks/Python.framework/Versions/3.11/lib/python3.11/unittest/mock.py:1427: in __enter__
    original, local = self.get_original()
                      ^^^^^^^^^^^^^^^^^^^
_ _ _ _ _ _ _ _ _ _ _ _ _ _ _ _ _ _ _ _ _ _ _ _ _ _ _ _ _ _ _ _ _ _ _ _ _ _ _ _ 

self = <unittest.mock._patch object at 0x1048ac4d0>

    def get_original(self):
        target = self.getter()
        name = self.attribute
    
        original = DEFAULT
        local = False
    
        try:
            original = target.__dict__[name]
        except (AttributeError, KeyError):
            original = getattr(target, name, DEFAULT)
        else:
            local = True
    
        if name in _builtins and isinstance(target, ModuleType):
            self.create = True
    
        if not self.create and original is DEFAULT:
>           raise AttributeError(
                "%s does not have the attribute %r" % (target, name)
            )
E           AttributeError: <module 'services.redis_cache' from '/Users/likhith./Veliora.AI_backend./services/redis_cache.py'> does not have the attribute '_redis_command'

/Library/Frameworks/Python.framework/Versions/3.11/lib/python3.11/unittest/mock.py:1400: AttributeError
_ ERROR at setup of TestChatEndpointIntegration.test_chat_send_returns_bot_response _

fixturedef = <FixtureDef argname='mock_redis' scope='function' baseid='tests'>
request = <SubRequest 'mock_redis' for <Function test_chat_send_returns_bot_response>>

    @pytest.hookimpl(wrapper=True)
    def pytest_fixture_setup(fixturedef: FixtureDef, request) -> object | None:
        asyncio_mode = _get_asyncio_mode(request.config)
        if not _is_asyncio_fixture_function(fixturedef.func):
            if asyncio_mode == Mode.STRICT:
                # Ignore async fixtures without explicit asyncio mark in strict mode
                # This applies to pytest_trio fixtures, for example
>               return (yield)
                        ^^^^^

/Library/Frameworks/Python.framework/Versions/3.11/lib/python3.11/site-packages/pytest_asyncio/plugin.py:681: 
_ _ _ _ _ _ _ _ _ _ _ _ _ _ _ _ _ _ _ _ _ _ _ _ _ _ _ _ _ _ _ _ _ _ _ _ _ _ _ _ 
tests/conftest.py:210: in mock_redis
    with mock as m:
/Library/Frameworks/Python.framework/Versions/3.11/lib/python3.11/unittest/mock.py:1427: in __enter__
    original, local = self.get_original()
                      ^^^^^^^^^^^^^^^^^^^
_ _ _ _ _ _ _ _ _ _ _ _ _ _ _ _ _ _ _ _ _ _ _ _ _ _ _ _ _ _ _ _ _ _ _ _ _ _ _ _ 

self = <unittest.mock._patch object at 0x10489f2d0>

    def get_original(self):
        target = self.getter()
        name = self.attribute
    
        original = DEFAULT
        local = False
    
        try:
            original = target.__dict__[name]
        except (AttributeError, KeyError):
            original = getattr(target, name, DEFAULT)
        else:
            local = True
    
        if name in _builtins and isinstance(target, ModuleType):
            self.create = True
    
        if not self.create and original is DEFAULT:
>           raise AttributeError(
                "%s does not have the attribute %r" % (target, name)
            )
E           AttributeError: <module 'services.redis_cache' from '/Users/likhith./Veliora.AI_backend./services/redis_cache.py'> does not have the attribute '_redis_command'

/Library/Frameworks/Python.framework/Versions/3.11/lib/python3.11/unittest/mock.py:1400: AttributeError
_ ERROR at setup of TestGameStart.test_start_game_creates_session_and_redis_state _

fixturedef = <FixtureDef argname='mock_redis' scope='function' baseid='tests'>
request = <SubRequest 'mock_redis' for <Function test_start_game_creates_session_and_redis_state>>

    @pytest.hookimpl(wrapper=True)
    def pytest_fixture_setup(fixturedef: FixtureDef, request) -> object | None:
        asyncio_mode = _get_asyncio_mode(request.config)
        if not _is_asyncio_fixture_function(fixturedef.func):
            if asyncio_mode == Mode.STRICT:
                # Ignore async fixtures without explicit asyncio mark in strict mode
                # This applies to pytest_trio fixtures, for example
>               return (yield)
                        ^^^^^

/Library/Frameworks/Python.framework/Versions/3.11/lib/python3.11/site-packages/pytest_asyncio/plugin.py:681: 
_ _ _ _ _ _ _ _ _ _ _ _ _ _ _ _ _ _ _ _ _ _ _ _ _ _ _ _ _ _ _ _ _ _ _ _ _ _ _ _ 
tests/conftest.py:210: in mock_redis
    with mock as m:
/Library/Frameworks/Python.framework/Versions/3.11/lib/python3.11/unittest/mock.py:1427: in __enter__
    original, local = self.get_original()
                      ^^^^^^^^^^^^^^^^^^^
_ _ _ _ _ _ _ _ _ _ _ _ _ _ _ _ _ _ _ _ _ _ _ _ _ _ _ _ _ _ _ _ _ _ _ _ _ _ _ _ 

self = <unittest.mock._patch object at 0x1060b3690>

    def get_original(self):
        target = self.getter()
        name = self.attribute
    
        original = DEFAULT
        local = False
    
        try:
            original = target.__dict__[name]
        except (AttributeError, KeyError):
            original = getattr(target, name, DEFAULT)
        else:
            local = True
    
        if name in _builtins and isinstance(target, ModuleType):
            self.create = True
    
        if not self.create and original is DEFAULT:
>           raise AttributeError(
                "%s does not have the attribute %r" % (target, name)
            )
E           AttributeError: <module 'services.redis_cache' from '/Users/likhith./Veliora.AI_backend./services/redis_cache.py'> does not have the attribute '_redis_command'

/Library/Frameworks/Python.framework/Versions/3.11/lib/python3.11/unittest/mock.py:1400: AttributeError
___ ERROR at setup of TestGameStart.test_start_game_rejects_invalid_game_id ____

fixturedef = <FixtureDef argname='mock_redis' scope='function' baseid='tests'>
request = <SubRequest 'mock_redis' for <Function test_start_game_rejects_invalid_game_id>>

    @pytest.hookimpl(wrapper=True)
    def pytest_fixture_setup(fixturedef: FixtureDef, request) -> object | None:
        asyncio_mode = _get_asyncio_mode(request.config)
        if not _is_asyncio_fixture_function(fixturedef.func):
            if asyncio_mode == Mode.STRICT:
                # Ignore async fixtures without explicit asyncio mark in strict mode
                # This applies to pytest_trio fixtures, for example
>               return (yield)
                        ^^^^^

/Library/Frameworks/Python.framework/Versions/3.11/lib/python3.11/site-packages/pytest_asyncio/plugin.py:681: 
_ _ _ _ _ _ _ _ _ _ _ _ _ _ _ _ _ _ _ _ _ _ _ _ _ _ _ _ _ _ _ _ _ _ _ _ _ _ _ _ 
tests/conftest.py:210: in mock_redis
    with mock as m:
/Library/Frameworks/Python.framework/Versions/3.11/lib/python3.11/unittest/mock.py:1427: in __enter__
    original, local = self.get_original()
                      ^^^^^^^^^^^^^^^^^^^
_ _ _ _ _ _ _ _ _ _ _ _ _ _ _ _ _ _ _ _ _ _ _ _ _ _ _ _ _ _ _ _ _ _ _ _ _ _ _ _ 

self = <unittest.mock._patch object at 0x1060b2150>

    def get_original(self):
        target = self.getter()
        name = self.attribute
    
        original = DEFAULT
        local = False
    
        try:
            original = target.__dict__[name]
        except (AttributeError, KeyError):
            original = getattr(target, name, DEFAULT)
        else:
            local = True
    
        if name in _builtins and isinstance(target, ModuleType):
            self.create = True
    
        if not self.create and original is DEFAULT:
>           raise AttributeError(
                "%s does not have the attribute %r" % (target, name)
            )
E           AttributeError: <module 'services.redis_cache' from '/Users/likhith./Veliora.AI_backend./services/redis_cache.py'> does not have the attribute '_redis_command'

/Library/Frameworks/Python.framework/Versions/3.11/lib/python3.11/unittest/mock.py:1400: AttributeError
_ ERROR at setup of TestGameStart.test_start_game_rejects_if_game_already_active _

fixturedef = <FixtureDef argname='mock_redis' scope='function' baseid='tests'>
request = <SubRequest 'mock_redis' for <Function test_start_game_rejects_if_game_already_active>>

    @pytest.hookimpl(wrapper=True)
    def pytest_fixture_setup(fixturedef: FixtureDef, request) -> object | None:
        asyncio_mode = _get_asyncio_mode(request.config)
        if not _is_asyncio_fixture_function(fixturedef.func):
            if asyncio_mode == Mode.STRICT:
                # Ignore async fixtures without explicit asyncio mark in strict mode
                # This applies to pytest_trio fixtures, for example
>               return (yield)
                        ^^^^^

/Library/Frameworks/Python.framework/Versions/3.11/lib/python3.11/site-packages/pytest_asyncio/plugin.py:681: 
_ _ _ _ _ _ _ _ _ _ _ _ _ _ _ _ _ _ _ _ _ _ _ _ _ _ _ _ _ _ _ _ _ _ _ _ _ _ _ _ 
tests/conftest.py:210: in mock_redis
    with mock as m:
/Library/Frameworks/Python.framework/Versions/3.11/lib/python3.11/unittest/mock.py:1427: in __enter__
    original, local = self.get_original()
                      ^^^^^^^^^^^^^^^^^^^
_ _ _ _ _ _ _ _ _ _ _ _ _ _ _ _ _ _ _ _ _ _ _ _ _ _ _ _ _ _ _ _ _ _ _ _ _ _ _ _ 

self = <unittest.mock._patch object at 0x1060bbd10>

    def get_original(self):
        target = self.getter()
        name = self.attribute
    
        original = DEFAULT
        local = False
    
        try:
            original = target.__dict__[name]
        except (AttributeError, KeyError):
            original = getattr(target, name, DEFAULT)
        else:
            local = True
    
        if name in _builtins and isinstance(target, ModuleType):
            self.create = True
    
        if not self.create and original is DEFAULT:
>           raise AttributeError(
                "%s does not have the attribute %r" % (target, name)
            )
E           AttributeError: <module 'services.redis_cache' from '/Users/likhith./Veliora.AI_backend./services/redis_cache.py'> does not have the attribute '_redis_command'

/Library/Frameworks/Python.framework/Versions/3.11/lib/python3.11/unittest/mock.py:1400: AttributeError
___ ERROR at setup of TestGameAction.test_game_action_increments_turn_count ____

fixturedef = <FixtureDef argname='mock_redis' scope='function' baseid='tests'>
request = <SubRequest 'mock_redis' for <Function test_game_action_increments_turn_count>>

    @pytest.hookimpl(wrapper=True)
    def pytest_fixture_setup(fixturedef: FixtureDef, request) -> object | None:
        asyncio_mode = _get_asyncio_mode(request.config)
        if not _is_asyncio_fixture_function(fixturedef.func):
            if asyncio_mode == Mode.STRICT:
                # Ignore async fixtures without explicit asyncio mark in strict mode
                # This applies to pytest_trio fixtures, for example
>               return (yield)
                        ^^^^^

/Library/Frameworks/Python.framework/Versions/3.11/lib/python3.11/site-packages/pytest_asyncio/plugin.py:681: 
_ _ _ _ _ _ _ _ _ _ _ _ _ _ _ _ _ _ _ _ _ _ _ _ _ _ _ _ _ _ _ _ _ _ _ _ _ _ _ _ 
tests/conftest.py:210: in mock_redis
    with mock as m:
/Library/Frameworks/Python.framework/Versions/3.11/lib/python3.11/unittest/mock.py:1427: in __enter__
    original, local = self.get_original()
                      ^^^^^^^^^^^^^^^^^^^
_ _ _ _ _ _ _ _ _ _ _ _ _ _ _ _ _ _ _ _ _ _ _ _ _ _ _ _ _ _ _ _ _ _ _ _ _ _ _ _ 

self = <unittest.mock._patch object at 0x1051a0890>

    def get_original(self):
        target = self.getter()
        name = self.attribute
    
        original = DEFAULT
        local = False
    
        try:
            original = target.__dict__[name]
        except (AttributeError, KeyError):
            original = getattr(target, name, DEFAULT)
        else:
            local = True
    
        if name in _builtins and isinstance(target, ModuleType):
            self.create = True
    
        if not self.create and original is DEFAULT:
>           raise AttributeError(
                "%s does not have the attribute %r" % (target, name)
            )
E           AttributeError: <module 'services.redis_cache' from '/Users/likhith./Veliora.AI_backend./services/redis_cache.py'> does not have the attribute '_redis_command'

/Library/Frameworks/Python.framework/Versions/3.11/lib/python3.11/unittest/mock.py:1400: AttributeError
___ ERROR at setup of TestGameAction.test_game_action_auto_ends_at_max_turns ___

fixturedef = <FixtureDef argname='mock_redis' scope='function' baseid='tests'>
request = <SubRequest 'mock_redis' for <Function test_game_action_auto_ends_at_max_turns>>

    @pytest.hookimpl(wrapper=True)
    def pytest_fixture_setup(fixturedef: FixtureDef, request) -> object | None:
        asyncio_mode = _get_asyncio_mode(request.config)
        if not _is_asyncio_fixture_function(fixturedef.func):
            if asyncio_mode == Mode.STRICT:
                # Ignore async fixtures without explicit asyncio mark in strict mode
                # This applies to pytest_trio fixtures, for example
>               return (yield)
                        ^^^^^

/Library/Frameworks/Python.framework/Versions/3.11/lib/python3.11/site-packages/pytest_asyncio/plugin.py:681: 
_ _ _ _ _ _ _ _ _ _ _ _ _ _ _ _ _ _ _ _ _ _ _ _ _ _ _ _ _ _ _ _ _ _ _ _ _ _ _ _ 
tests/conftest.py:210: in mock_redis
    with mock as m:
/Library/Frameworks/Python.framework/Versions/3.11/lib/python3.11/unittest/mock.py:1427: in __enter__
    original, local = self.get_original()
                      ^^^^^^^^^^^^^^^^^^^
_ _ _ _ _ _ _ _ _ _ _ _ _ _ _ _ _ _ _ _ _ _ _ _ _ _ _ _ _ _ _ _ _ _ _ _ _ _ _ _ 

self = <unittest.mock._patch object at 0x1048ad410>

    def get_original(self):
        target = self.getter()
        name = self.attribute
    
        original = DEFAULT
        local = False
    
        try:
            original = target.__dict__[name]
        except (AttributeError, KeyError):
            original = getattr(target, name, DEFAULT)
        else:
            local = True
    
        if name in _builtins and isinstance(target, ModuleType):
            self.create = True
    
        if not self.create and original is DEFAULT:
>           raise AttributeError(
                "%s does not have the attribute %r" % (target, name)
            )
E           AttributeError: <module 'services.redis_cache' from '/Users/likhith./Veliora.AI_backend./services/redis_cache.py'> does not have the attribute '_redis_command'

/Library/Frameworks/Python.framework/Versions/3.11/lib/python3.11/unittest/mock.py:1400: AttributeError
__ ERROR at setup of TestGameAction.test_game_action_rejects_wrong_session_id __

fixturedef = <FixtureDef argname='mock_redis' scope='function' baseid='tests'>
request = <SubRequest 'mock_redis' for <Function test_game_action_rejects_wrong_session_id>>

    @pytest.hookimpl(wrapper=True)
    def pytest_fixture_setup(fixturedef: FixtureDef, request) -> object | None:
        asyncio_mode = _get_asyncio_mode(request.config)
        if not _is_asyncio_fixture_function(fixturedef.func):
            if asyncio_mode == Mode.STRICT:
                # Ignore async fixtures without explicit asyncio mark in strict mode
                # This applies to pytest_trio fixtures, for example
>               return (yield)
                        ^^^^^

/Library/Frameworks/Python.framework/Versions/3.11/lib/python3.11/site-packages/pytest_asyncio/plugin.py:681: 
_ _ _ _ _ _ _ _ _ _ _ _ _ _ _ _ _ _ _ _ _ _ _ _ _ _ _ _ _ _ _ _ _ _ _ _ _ _ _ _ 
tests/conftest.py:210: in mock_redis
    with mock as m:
/Library/Frameworks/Python.framework/Versions/3.11/lib/python3.11/unittest/mock.py:1427: in __enter__
    original, local = self.get_original()
                      ^^^^^^^^^^^^^^^^^^^
_ _ _ _ _ _ _ _ _ _ _ _ _ _ _ _ _ _ _ _ _ _ _ _ _ _ _ _ _ _ _ _ _ _ _ _ _ _ _ _ 

self = <unittest.mock._patch object at 0x105129e90>

    def get_original(self):
        target = self.getter()
        name = self.attribute
    
        original = DEFAULT
        local = False
    
        try:
            original = target.__dict__[name]
        except (AttributeError, KeyError):
            original = getattr(target, name, DEFAULT)
        else:
            local = True
    
        if name in _builtins and isinstance(target, ModuleType):
            self.create = True
    
        if not self.create and original is DEFAULT:
>           raise AttributeError(
                "%s does not have the attribute %r" % (target, name)
            )
E           AttributeError: <module 'services.redis_cache' from '/Users/likhith./Veliora.AI_backend./services/redis_cache.py'> does not have the attribute '_redis_command'

/Library/Frameworks/Python.framework/Versions/3.11/lib/python3.11/unittest/mock.py:1400: AttributeError
_ ERROR at setup of TestGameAction.test_game_action_rejects_when_no_active_game _

fixturedef = <FixtureDef argname='mock_redis' scope='function' baseid='tests'>
request = <SubRequest 'mock_redis' for <Function test_game_action_rejects_when_no_active_game>>

    @pytest.hookimpl(wrapper=True)
    def pytest_fixture_setup(fixturedef: FixtureDef, request) -> object | None:
        asyncio_mode = _get_asyncio_mode(request.config)
        if not _is_asyncio_fixture_function(fixturedef.func):
            if asyncio_mode == Mode.STRICT:
                # Ignore async fixtures without explicit asyncio mark in strict mode
                # This applies to pytest_trio fixtures, for example
>               return (yield)
                        ^^^^^

/Library/Frameworks/Python.framework/Versions/3.11/lib/python3.11/site-packages/pytest_asyncio/plugin.py:681: 
_ _ _ _ _ _ _ _ _ _ _ _ _ _ _ _ _ _ _ _ _ _ _ _ _ _ _ _ _ _ _ _ _ _ _ _ _ _ _ _ 
tests/conftest.py:210: in mock_redis
    with mock as m:
/Library/Frameworks/Python.framework/Versions/3.11/lib/python3.11/unittest/mock.py:1427: in __enter__
    original, local = self.get_original()
                      ^^^^^^^^^^^^^^^^^^^
_ _ _ _ _ _ _ _ _ _ _ _ _ _ _ _ _ _ _ _ _ _ _ _ _ _ _ _ _ _ _ _ _ _ _ _ _ _ _ _ 

self = <unittest.mock._patch object at 0x104848790>

    def get_original(self):
        target = self.getter()
        name = self.attribute
    
        original = DEFAULT
        local = False
    
        try:
            original = target.__dict__[name]
        except (AttributeError, KeyError):
            original = getattr(target, name, DEFAULT)
        else:
            local = True
    
        if name in _builtins and isinstance(target, ModuleType):
            self.create = True
    
        if not self.create and original is DEFAULT:
>           raise AttributeError(
                "%s does not have the attribute %r" % (target, name)
            )
E           AttributeError: <module 'services.redis_cache' from '/Users/likhith./Veliora.AI_backend./services/redis_cache.py'> does not have the attribute '_redis_command'

/Library/Frameworks/Python.framework/Versions/3.11/lib/python3.11/unittest/mock.py:1400: AttributeError
__ ERROR at setup of TestGameEnd.test_end_game_cleans_up_redis_and_updates_db __

fixturedef = <FixtureDef argname='mock_redis' scope='function' baseid='tests'>
request = <SubRequest 'mock_redis' for <Function test_end_game_cleans_up_redis_and_updates_db>>

    @pytest.hookimpl(wrapper=True)
    def pytest_fixture_setup(fixturedef: FixtureDef, request) -> object | None:
        asyncio_mode = _get_asyncio_mode(request.config)
        if not _is_asyncio_fixture_function(fixturedef.func):
            if asyncio_mode == Mode.STRICT:
                # Ignore async fixtures without explicit asyncio mark in strict mode
                # This applies to pytest_trio fixtures, for example
>               return (yield)
                        ^^^^^

/Library/Frameworks/Python.framework/Versions/3.11/lib/python3.11/site-packages/pytest_asyncio/plugin.py:681: 
_ _ _ _ _ _ _ _ _ _ _ _ _ _ _ _ _ _ _ _ _ _ _ _ _ _ _ _ _ _ _ _ _ _ _ _ _ _ _ _ 
tests/conftest.py:210: in mock_redis
    with mock as m:
/Library/Frameworks/Python.framework/Versions/3.11/lib/python3.11/unittest/mock.py:1427: in __enter__
    original, local = self.get_original()
                      ^^^^^^^^^^^^^^^^^^^
_ _ _ _ _ _ _ _ _ _ _ _ _ _ _ _ _ _ _ _ _ _ _ _ _ _ _ _ _ _ _ _ _ _ _ _ _ _ _ _ 

self = <unittest.mock._patch object at 0x1048ac190>

    def get_original(self):
        target = self.getter()
        name = self.attribute
    
        original = DEFAULT
        local = False
    
        try:
            original = target.__dict__[name]
        except (AttributeError, KeyError):
            original = getattr(target, name, DEFAULT)
        else:
            local = True
    
        if name in _builtins and isinstance(target, ModuleType):
            self.create = True
    
        if not self.create and original is DEFAULT:
>           raise AttributeError(
                "%s does not have the attribute %r" % (target, name)
            )
E           AttributeError: <module 'services.redis_cache' from '/Users/likhith./Veliora.AI_backend./services/redis_cache.py'> does not have the attribute '_redis_command'

/Library/Frameworks/Python.framework/Versions/3.11/lib/python3.11/unittest/mock.py:1400: AttributeError
_____ ERROR at setup of TestGameEnd.test_end_game_rejects_wrong_session_id _____

fixturedef = <FixtureDef argname='mock_redis' scope='function' baseid='tests'>
request = <SubRequest 'mock_redis' for <Function test_end_game_rejects_wrong_session_id>>

    @pytest.hookimpl(wrapper=True)
    def pytest_fixture_setup(fixturedef: FixtureDef, request) -> object | None:
        asyncio_mode = _get_asyncio_mode(request.config)
        if not _is_asyncio_fixture_function(fixturedef.func):
            if asyncio_mode == Mode.STRICT:
                # Ignore async fixtures without explicit asyncio mark in strict mode
                # This applies to pytest_trio fixtures, for example
>               return (yield)
                        ^^^^^

/Library/Frameworks/Python.framework/Versions/3.11/lib/python3.11/site-packages/pytest_asyncio/plugin.py:681: 
_ _ _ _ _ _ _ _ _ _ _ _ _ _ _ _ _ _ _ _ _ _ _ _ _ _ _ _ _ _ _ _ _ _ _ _ _ _ _ _ 
tests/conftest.py:210: in mock_redis
    with mock as m:
/Library/Frameworks/Python.framework/Versions/3.11/lib/python3.11/unittest/mock.py:1427: in __enter__
    original, local = self.get_original()
                      ^^^^^^^^^^^^^^^^^^^
_ _ _ _ _ _ _ _ _ _ _ _ _ _ _ _ _ _ _ _ _ _ _ _ _ _ _ _ _ _ _ _ _ _ _ _ _ _ _ _ 

self = <unittest.mock._patch object at 0x105170cd0>

    def get_original(self):
        target = self.getter()
        name = self.attribute
    
        original = DEFAULT
        local = False
    
        try:
            original = target.__dict__[name]
        except (AttributeError, KeyError):
            original = getattr(target, name, DEFAULT)
        else:
            local = True
    
        if name in _builtins and isinstance(target, ModuleType):
            self.create = True
    
        if not self.create and original is DEFAULT:
>           raise AttributeError(
                "%s does not have the attribute %r" % (target, name)
            )
E           AttributeError: <module 'services.redis_cache' from '/Users/likhith./Veliora.AI_backend./services/redis_cache.py'> does not have the attribute '_redis_command'

/Library/Frameworks/Python.framework/Versions/3.11/lib/python3.11/unittest/mock.py:1400: AttributeError
___ ERROR at setup of TestGameEnd.test_end_game_rejects_when_no_active_game ____

fixturedef = <FixtureDef argname='mock_redis' scope='function' baseid='tests'>
request = <SubRequest 'mock_redis' for <Function test_end_game_rejects_when_no_active_game>>

    @pytest.hookimpl(wrapper=True)
    def pytest_fixture_setup(fixturedef: FixtureDef, request) -> object | None:
        asyncio_mode = _get_asyncio_mode(request.config)
        if not _is_asyncio_fixture_function(fixturedef.func):
            if asyncio_mode == Mode.STRICT:
                # Ignore async fixtures without explicit asyncio mark in strict mode
                # This applies to pytest_trio fixtures, for example
>               return (yield)
                        ^^^^^

/Library/Frameworks/Python.framework/Versions/3.11/lib/python3.11/site-packages/pytest_asyncio/plugin.py:681: 
_ _ _ _ _ _ _ _ _ _ _ _ _ _ _ _ _ _ _ _ _ _ _ _ _ _ _ _ _ _ _ _ _ _ _ _ _ _ _ _ 
tests/conftest.py:210: in mock_redis
    with mock as m:
/Library/Frameworks/Python.framework/Versions/3.11/lib/python3.11/unittest/mock.py:1427: in __enter__
    original, local = self.get_original()
                      ^^^^^^^^^^^^^^^^^^^
_ _ _ _ _ _ _ _ _ _ _ _ _ _ _ _ _ _ _ _ _ _ _ _ _ _ _ _ _ _ _ _ _ _ _ _ _ _ _ _ 

self = <unittest.mock._patch object at 0x1050e86d0>

    def get_original(self):
        target = self.getter()
        name = self.attribute
    
        original = DEFAULT
        local = False
    
        try:
            original = target.__dict__[name]
        except (AttributeError, KeyError):
            original = getattr(target, name, DEFAULT)
        else:
            local = True
    
        if name in _builtins and isinstance(target, ModuleType):
            self.create = True
    
        if not self.create and original is DEFAULT:
>           raise AttributeError(
                "%s does not have the attribute %r" % (target, name)
            )
E           AttributeError: <module 'services.redis_cache' from '/Users/likhith./Veliora.AI_backend./services/redis_cache.py'> does not have the attribute '_redis_command'

/Library/Frameworks/Python.framework/Versions/3.11/lib/python3.11/unittest/mock.py:1400: AttributeError
_ ERROR at setup of TestVoiceNoteEndpoint.test_voice_note_generates_audio_and_returns_url _

fixturedef = <FixtureDef argname='mock_redis' scope='function' baseid='tests'>
request = <SubRequest 'mock_redis' for <Function test_voice_note_generates_audio_and_returns_url>>

    @pytest.hookimpl(wrapper=True)
    def pytest_fixture_setup(fixturedef: FixtureDef, request) -> object | None:
        asyncio_mode = _get_asyncio_mode(request.config)
        if not _is_asyncio_fixture_function(fixturedef.func):
            if asyncio_mode == Mode.STRICT:
                # Ignore async fixtures without explicit asyncio mark in strict mode
                # This applies to pytest_trio fixtures, for example
>               return (yield)
                        ^^^^^

/Library/Frameworks/Python.framework/Versions/3.11/lib/python3.11/site-packages/pytest_asyncio/plugin.py:681: 
_ _ _ _ _ _ _ _ _ _ _ _ _ _ _ _ _ _ _ _ _ _ _ _ _ _ _ _ _ _ _ _ _ _ _ _ _ _ _ _ 
tests/conftest.py:210: in mock_redis
    with mock as m:
/Library/Frameworks/Python.framework/Versions/3.11/lib/python3.11/unittest/mock.py:1427: in __enter__
    original, local = self.get_original()
                      ^^^^^^^^^^^^^^^^^^^
_ _ _ _ _ _ _ _ _ _ _ _ _ _ _ _ _ _ _ _ _ _ _ _ _ _ _ _ _ _ _ _ _ _ _ _ _ _ _ _ 

self = <unittest.mock._patch object at 0x10768ac50>

    def get_original(self):
        target = self.getter()
        name = self.attribute
    
        original = DEFAULT
        local = False
    
        try:
            original = target.__dict__[name]
        except (AttributeError, KeyError):
            original = getattr(target, name, DEFAULT)
        else:
            local = True
    
        if name in _builtins and isinstance(target, ModuleType):
            self.create = True
    
        if not self.create and original is DEFAULT:
>           raise AttributeError(
                "%s does not have the attribute %r" % (target, name)
            )
E           AttributeError: <module 'services.redis_cache' from '/Users/likhith./Veliora.AI_backend./services/redis_cache.py'> does not have the attribute '_redis_command'

/Library/Frameworks/Python.framework/Versions/3.11/lib/python3.11/unittest/mock.py:1400: AttributeError
_ ERROR at setup of TestVoiceNoteEndpoint.test_voice_note_returns_500_on_tts_failure _

fixturedef = <FixtureDef argname='mock_redis' scope='function' baseid='tests'>
request = <SubRequest 'mock_redis' for <Function test_voice_note_returns_500_on_tts_failure>>

    @pytest.hookimpl(wrapper=True)
    def pytest_fixture_setup(fixturedef: FixtureDef, request) -> object | None:
        asyncio_mode = _get_asyncio_mode(request.config)
        if not _is_asyncio_fixture_function(fixturedef.func):
            if asyncio_mode == Mode.STRICT:
                # Ignore async fixtures without explicit asyncio mark in strict mode
                # This applies to pytest_trio fixtures, for example
>               return (yield)
                        ^^^^^

/Library/Frameworks/Python.framework/Versions/3.11/lib/python3.11/site-packages/pytest_asyncio/plugin.py:681: 
_ _ _ _ _ _ _ _ _ _ _ _ _ _ _ _ _ _ _ _ _ _ _ _ _ _ _ _ _ _ _ _ _ _ _ _ _ _ _ _ 
tests/conftest.py:210: in mock_redis
    with mock as m:
/Library/Frameworks/Python.framework/Versions/3.11/lib/python3.11/unittest/mock.py:1427: in __enter__
    original, local = self.get_original()
                      ^^^^^^^^^^^^^^^^^^^
_ _ _ _ _ _ _ _ _ _ _ _ _ _ _ _ _ _ _ _ _ _ _ _ _ _ _ _ _ _ _ _ _ _ _ _ _ _ _ _ 

self = <unittest.mock._patch object at 0x107960110>

    def get_original(self):
        target = self.getter()
        name = self.attribute
    
        original = DEFAULT
        local = False
    
        try:
            original = target.__dict__[name]
        except (AttributeError, KeyError):
            original = getattr(target, name, DEFAULT)
        else:
            local = True
    
        if name in _builtins and isinstance(target, ModuleType):
            self.create = True
    
        if not self.create and original is DEFAULT:
>           raise AttributeError(
                "%s does not have the attribute %r" % (target, name)
            )
E           AttributeError: <module 'services.redis_cache' from '/Users/likhith./Veliora.AI_backend./services/redis_cache.py'> does not have the attribute '_redis_command'

/Library/Frameworks/Python.framework/Versions/3.11/lib/python3.11/unittest/mock.py:1400: AttributeError
_ ERROR at setup of TestVoiceWebSocketAuth.test_websocket_rejects_invalid_jwt __

fixturedef = <FixtureDef argname='mock_redis' scope='function' baseid='tests'>
request = <SubRequest 'mock_redis' for <Function test_websocket_rejects_invalid_jwt>>

    @pytest.hookimpl(wrapper=True)
    def pytest_fixture_setup(fixturedef: FixtureDef, request) -> object | None:
        asyncio_mode = _get_asyncio_mode(request.config)
        if not _is_asyncio_fixture_function(fixturedef.func):
            if asyncio_mode == Mode.STRICT:
                # Ignore async fixtures without explicit asyncio mark in strict mode
                # This applies to pytest_trio fixtures, for example
>               return (yield)
                        ^^^^^

/Library/Frameworks/Python.framework/Versions/3.11/lib/python3.11/site-packages/pytest_asyncio/plugin.py:681: 
_ _ _ _ _ _ _ _ _ _ _ _ _ _ _ _ _ _ _ _ _ _ _ _ _ _ _ _ _ _ _ _ _ _ _ _ _ _ _ _ 
tests/conftest.py:210: in mock_redis
    with mock as m:
/Library/Frameworks/Python.framework/Versions/3.11/lib/python3.11/unittest/mock.py:1427: in __enter__
    original, local = self.get_original()
                      ^^^^^^^^^^^^^^^^^^^
_ _ _ _ _ _ _ _ _ _ _ _ _ _ _ _ _ _ _ _ _ _ _ _ _ _ _ _ _ _ _ _ _ _ _ _ _ _ _ _ 

self = <unittest.mock._patch object at 0x1070f8890>

    def get_original(self):
        target = self.getter()
        name = self.attribute
    
        original = DEFAULT
        local = False
    
        try:
            original = target.__dict__[name]
        except (AttributeError, KeyError):
            original = getattr(target, name, DEFAULT)
        else:
            local = True
    
        if name in _builtins and isinstance(target, ModuleType):
            self.create = True
    
        if not self.create and original is DEFAULT:
>           raise AttributeError(
                "%s does not have the attribute %r" % (target, name)
            )
E           AttributeError: <module 'services.redis_cache' from '/Users/likhith./Veliora.AI_backend./services/redis_cache.py'> does not have the attribute '_redis_command'

/Library/Frameworks/Python.framework/Versions/3.11/lib/python3.11/unittest/mock.py:1400: AttributeError
_ ERROR at setup of TestVoiceWebSocketLifecycle.test_websocket_accepts_valid_connection _

fixturedef = <FixtureDef argname='mock_redis' scope='function' baseid='tests'>
request = <SubRequest 'mock_redis' for <Function test_websocket_accepts_valid_connection>>

    @pytest.hookimpl(wrapper=True)
    def pytest_fixture_setup(fixturedef: FixtureDef, request) -> object | None:
        asyncio_mode = _get_asyncio_mode(request.config)
        if not _is_asyncio_fixture_function(fixturedef.func):
            if asyncio_mode == Mode.STRICT:
                # Ignore async fixtures without explicit asyncio mark in strict mode
                # This applies to pytest_trio fixtures, for example
>               return (yield)
                        ^^^^^

/Library/Frameworks/Python.framework/Versions/3.11/lib/python3.11/site-packages/pytest_asyncio/plugin.py:681: 
_ _ _ _ _ _ _ _ _ _ _ _ _ _ _ _ _ _ _ _ _ _ _ _ _ _ _ _ _ _ _ _ _ _ _ _ _ _ _ _ 
tests/conftest.py:210: in mock_redis
    with mock as m:
/Library/Frameworks/Python.framework/Versions/3.11/lib/python3.11/unittest/mock.py:1427: in __enter__
    original, local = self.get_original()
                      ^^^^^^^^^^^^^^^^^^^
_ _ _ _ _ _ _ _ _ _ _ _ _ _ _ _ _ _ _ _ _ _ _ _ _ _ _ _ _ _ _ _ _ _ _ _ _ _ _ _ 

self = <unittest.mock._patch object at 0x1060b8e90>

    def get_original(self):
        target = self.getter()
        name = self.attribute
    
        original = DEFAULT
        local = False
    
        try:
            original = target.__dict__[name]
        except (AttributeError, KeyError):
            original = getattr(target, name, DEFAULT)
        else:
            local = True
    
        if name in _builtins and isinstance(target, ModuleType):
            self.create = True
    
        if not self.create and original is DEFAULT:
>           raise AttributeError(
                "%s does not have the attribute %r" % (target, name)
            )
E           AttributeError: <module 'services.redis_cache' from '/Users/likhith./Veliora.AI_backend./services/redis_cache.py'> does not have the attribute '_redis_command'

/Library/Frameworks/Python.framework/Versions/3.11/lib/python3.11/unittest/mock.py:1400: AttributeError
_ ERROR at setup of TestVoiceWebSocketLifecycle.test_websocket_clears_voice_state_on_disconnect _

fixturedef = <FixtureDef argname='mock_redis' scope='function' baseid='tests'>
request = <SubRequest 'mock_redis' for <Function test_websocket_clears_voice_state_on_disconnect>>

    @pytest.hookimpl(wrapper=True)
    def pytest_fixture_setup(fixturedef: FixtureDef, request) -> object | None:
        asyncio_mode = _get_asyncio_mode(request.config)
        if not _is_asyncio_fixture_function(fixturedef.func):
            if asyncio_mode == Mode.STRICT:
                # Ignore async fixtures without explicit asyncio mark in strict mode
                # This applies to pytest_trio fixtures, for example
>               return (yield)
                        ^^^^^

/Library/Frameworks/Python.framework/Versions/3.11/lib/python3.11/site-packages/pytest_asyncio/plugin.py:681: 
_ _ _ _ _ _ _ _ _ _ _ _ _ _ _ _ _ _ _ _ _ _ _ _ _ _ _ _ _ _ _ _ _ _ _ _ _ _ _ _ 
tests/conftest.py:210: in mock_redis
    with mock as m:
/Library/Frameworks/Python.framework/Versions/3.11/lib/python3.11/unittest/mock.py:1427: in __enter__
    original, local = self.get_original()
                      ^^^^^^^^^^^^^^^^^^^
_ _ _ _ _ _ _ _ _ _ _ _ _ _ _ _ _ _ _ _ _ _ _ _ _ _ _ _ _ _ _ _ _ _ _ _ _ _ _ _ 

self = <unittest.mock._patch object at 0x1078357d0>

    def get_original(self):
        target = self.getter()
        name = self.attribute
    
        original = DEFAULT
        local = False
    
        try:
            original = target.__dict__[name]
        except (AttributeError, KeyError):
            original = getattr(target, name, DEFAULT)
        else:
            local = True
    
        if name in _builtins and isinstance(target, ModuleType):
            self.create = True
    
        if not self.create and original is DEFAULT:
>           raise AttributeError(
                "%s does not have the attribute %r" % (target, name)
            )
E           AttributeError: <module 'services.redis_cache' from '/Users/likhith./Veliora.AI_backend./services/redis_cache.py'> does not have the attribute '_redis_command'

/Library/Frameworks/Python.framework/Versions/3.11/lib/python3.11/unittest/mock.py:1400: AttributeError
_____ ERROR at setup of TestVoiceCallRedisState.test_set_voice_call_active _____

fixturedef = <FixtureDef argname='mock_redis' scope='function' baseid='tests'>
request = <SubRequest 'mock_redis' for <Coroutine test_set_voice_call_active>>

    @pytest.hookimpl(wrapper=True)
    def pytest_fixture_setup(fixturedef: FixtureDef, request) -> object | None:
        asyncio_mode = _get_asyncio_mode(request.config)
        if not _is_asyncio_fixture_function(fixturedef.func):
            if asyncio_mode == Mode.STRICT:
                # Ignore async fixtures without explicit asyncio mark in strict mode
                # This applies to pytest_trio fixtures, for example
>               return (yield)
                        ^^^^^

/Library/Frameworks/Python.framework/Versions/3.11/lib/python3.11/site-packages/pytest_asyncio/plugin.py:681: 
_ _ _ _ _ _ _ _ _ _ _ _ _ _ _ _ _ _ _ _ _ _ _ _ _ _ _ _ _ _ _ _ _ _ _ _ _ _ _ _ 
tests/conftest.py:210: in mock_redis
    with mock as m:
/Library/Frameworks/Python.framework/Versions/3.11/lib/python3.11/unittest/mock.py:1427: in __enter__
    original, local = self.get_original()
                      ^^^^^^^^^^^^^^^^^^^
_ _ _ _ _ _ _ _ _ _ _ _ _ _ _ _ _ _ _ _ _ _ _ _ _ _ _ _ _ _ _ _ _ _ _ _ _ _ _ _ 

self = <unittest.mock._patch object at 0x107af9e50>

    def get_original(self):
        target = self.getter()
        name = self.attribute
    
        original = DEFAULT
        local = False
    
        try:
            original = target.__dict__[name]
        except (AttributeError, KeyError):
            original = getattr(target, name, DEFAULT)
        else:
            local = True
    
        if name in _builtins and isinstance(target, ModuleType):
            self.create = True
    
        if not self.create and original is DEFAULT:
>           raise AttributeError(
                "%s does not have the attribute %r" % (target, name)
            )
E           AttributeError: <module 'services.redis_cache' from '/Users/likhith./Veliora.AI_backend./services/redis_cache.py'> does not have the attribute '_redis_command'

/Library/Frameworks/Python.framework/Versions/3.11/lib/python3.11/unittest/mock.py:1400: AttributeError
_______ ERROR at setup of TestVoiceCallRedisState.test_clear_voice_call ________

fixturedef = <FixtureDef argname='mock_redis' scope='function' baseid='tests'>
request = <SubRequest 'mock_redis' for <Coroutine test_clear_voice_call>>

    @pytest.hookimpl(wrapper=True)
    def pytest_fixture_setup(fixturedef: FixtureDef, request) -> object | None:
        asyncio_mode = _get_asyncio_mode(request.config)
        if not _is_asyncio_fixture_function(fixturedef.func):
            if asyncio_mode == Mode.STRICT:
                # Ignore async fixtures without explicit asyncio mark in strict mode
                # This applies to pytest_trio fixtures, for example
>               return (yield)
                        ^^^^^

/Library/Frameworks/Python.framework/Versions/3.11/lib/python3.11/site-packages/pytest_asyncio/plugin.py:681: 
_ _ _ _ _ _ _ _ _ _ _ _ _ _ _ _ _ _ _ _ _ _ _ _ _ _ _ _ _ _ _ _ _ _ _ _ _ _ _ _ 
tests/conftest.py:210: in mock_redis
    with mock as m:
/Library/Frameworks/Python.framework/Versions/3.11/lib/python3.11/unittest/mock.py:1427: in __enter__
    original, local = self.get_original()
                      ^^^^^^^^^^^^^^^^^^^
_ _ _ _ _ _ _ _ _ _ _ _ _ _ _ _ _ _ _ _ _ _ _ _ _ _ _ _ _ _ _ _ _ _ _ _ _ _ _ _ 

self = <unittest.mock._patch object at 0x1072d8390>

    def get_original(self):
        target = self.getter()
        name = self.attribute
    
        original = DEFAULT
        local = False
    
        try:
            original = target.__dict__[name]
        except (AttributeError, KeyError):
            original = getattr(target, name, DEFAULT)
        else:
            local = True
    
        if name in _builtins and isinstance(target, ModuleType):
            self.create = True
    
        if not self.create and original is DEFAULT:
>           raise AttributeError(
                "%s does not have the attribute %r" % (target, name)
            )
E           AttributeError: <module 'services.redis_cache' from '/Users/likhith./Veliora.AI_backend./services/redis_cache.py'> does not have the attribute '_redis_command'

/Library/Frameworks/Python.framework/Versions/3.11/lib/python3.11/unittest/mock.py:1400: AttributeError
_______ ERROR at setup of TestXPIncrement.test_increment_xp_uses_hincrby _______

fixturedef = <FixtureDef argname='mock_redis' scope='function' baseid='tests'>
request = <SubRequest 'mock_redis' for <Coroutine test_increment_xp_uses_hincrby>>

    @pytest.hookimpl(wrapper=True)
    def pytest_fixture_setup(fixturedef: FixtureDef, request) -> object | None:
        asyncio_mode = _get_asyncio_mode(request.config)
        if not _is_asyncio_fixture_function(fixturedef.func):
            if asyncio_mode == Mode.STRICT:
                # Ignore async fixtures without explicit asyncio mark in strict mode
                # This applies to pytest_trio fixtures, for example
>               return (yield)
                        ^^^^^

/Library/Frameworks/Python.framework/Versions/3.11/lib/python3.11/site-packages/pytest_asyncio/plugin.py:681: 
_ _ _ _ _ _ _ _ _ _ _ _ _ _ _ _ _ _ _ _ _ _ _ _ _ _ _ _ _ _ _ _ _ _ _ _ _ _ _ _ 
tests/conftest.py:210: in mock_redis
    with mock as m:
/Library/Frameworks/Python.framework/Versions/3.11/lib/python3.11/unittest/mock.py:1427: in __enter__
    original, local = self.get_original()
                      ^^^^^^^^^^^^^^^^^^^
_ _ _ _ _ _ _ _ _ _ _ _ _ _ _ _ _ _ _ _ _ _ _ _ _ _ _ _ _ _ _ _ _ _ _ _ _ _ _ _ 

self = <unittest.mock._patch object at 0x1079da390>

    def get_original(self):
        target = self.getter()
        name = self.attribute
    
        original = DEFAULT
        local = False
    
        try:
            original = target.__dict__[name]
        except (AttributeError, KeyError):
            original = getattr(target, name, DEFAULT)
        else:
            local = True
    
        if name in _builtins and isinstance(target, ModuleType):
            self.create = True
    
        if not self.create and original is DEFAULT:
>           raise AttributeError(
                "%s does not have the attribute %r" % (target, name)
            )
E           AttributeError: <module 'services.redis_cache' from '/Users/likhith./Veliora.AI_backend./services/redis_cache.py'> does not have the attribute '_redis_command'

/Library/Frameworks/Python.framework/Versions/3.11/lib/python3.11/unittest/mock.py:1400: AttributeError
_______ ERROR at setup of TestXPIncrement.test_increment_xp_accumulates ________

fixturedef = <FixtureDef argname='mock_redis' scope='function' baseid='tests'>
request = <SubRequest 'mock_redis' for <Coroutine test_increment_xp_accumulates>>

    @pytest.hookimpl(wrapper=True)
    def pytest_fixture_setup(fixturedef: FixtureDef, request) -> object | None:
        asyncio_mode = _get_asyncio_mode(request.config)
        if not _is_asyncio_fixture_function(fixturedef.func):
            if asyncio_mode == Mode.STRICT:
                # Ignore async fixtures without explicit asyncio mark in strict mode
                # This applies to pytest_trio fixtures, for example
>               return (yield)
                        ^^^^^

/Library/Frameworks/Python.framework/Versions/3.11/lib/python3.11/site-packages/pytest_asyncio/plugin.py:681: 
_ _ _ _ _ _ _ _ _ _ _ _ _ _ _ _ _ _ _ _ _ _ _ _ _ _ _ _ _ _ _ _ _ _ _ _ _ _ _ _ 
tests/conftest.py:210: in mock_redis
    with mock as m:
/Library/Frameworks/Python.framework/Versions/3.11/lib/python3.11/unittest/mock.py:1427: in __enter__
    original, local = self.get_original()
                      ^^^^^^^^^^^^^^^^^^^
_ _ _ _ _ _ _ _ _ _ _ _ _ _ _ _ _ _ _ _ _ _ _ _ _ _ _ _ _ _ _ _ _ _ _ _ _ _ _ _ 

self = <unittest.mock._patch object at 0x1070846d0>

    def get_original(self):
        target = self.getter()
        name = self.attribute
    
        original = DEFAULT
        local = False
    
        try:
            original = target.__dict__[name]
        except (AttributeError, KeyError):
            original = getattr(target, name, DEFAULT)
        else:
            local = True
    
        if name in _builtins and isinstance(target, ModuleType):
            self.create = True
    
        if not self.create and original is DEFAULT:
>           raise AttributeError(
                "%s does not have the attribute %r" % (target, name)
            )
E           AttributeError: <module 'services.redis_cache' from '/Users/likhith./Veliora.AI_backend./services/redis_cache.py'> does not have the attribute '_redis_command'

/Library/Frameworks/Python.framework/Versions/3.11/lib/python3.11/unittest/mock.py:1400: AttributeError
_ ERROR at setup of TestGetAllPendingXP.test_get_all_pending_xp_parses_flat_list _

fixturedef = <FixtureDef argname='mock_redis' scope='function' baseid='tests'>
request = <SubRequest 'mock_redis' for <Coroutine test_get_all_pending_xp_parses_flat_list>>

    @pytest.hookimpl(wrapper=True)
    def pytest_fixture_setup(fixturedef: FixtureDef, request) -> object | None:
        asyncio_mode = _get_asyncio_mode(request.config)
        if not _is_asyncio_fixture_function(fixturedef.func):
            if asyncio_mode == Mode.STRICT:
                # Ignore async fixtures without explicit asyncio mark in strict mode
                # This applies to pytest_trio fixtures, for example
>               return (yield)
                        ^^^^^

/Library/Frameworks/Python.framework/Versions/3.11/lib/python3.11/site-packages/pytest_asyncio/plugin.py:681: 
_ _ _ _ _ _ _ _ _ _ _ _ _ _ _ _ _ _ _ _ _ _ _ _ _ _ _ _ _ _ _ _ _ _ _ _ _ _ _ _ 
tests/conftest.py:210: in mock_redis
    with mock as m:
/Library/Frameworks/Python.framework/Versions/3.11/lib/python3.11/unittest/mock.py:1427: in __enter__
    original, local = self.get_original()
                      ^^^^^^^^^^^^^^^^^^^
_ _ _ _ _ _ _ _ _ _ _ _ _ _ _ _ _ _ _ _ _ _ _ _ _ _ _ _ _ _ _ _ _ _ _ _ _ _ _ _ 

self = <unittest.mock._patch object at 0x107a16e10>

    def get_original(self):
        target = self.getter()
        name = self.attribute
    
        original = DEFAULT
        local = False
    
        try:
            original = target.__dict__[name]
        except (AttributeError, KeyError):
            original = getattr(target, name, DEFAULT)
        else:
            local = True
    
        if name in _builtins and isinstance(target, ModuleType):
            self.create = True
    
        if not self.create and original is DEFAULT:
>           raise AttributeError(
                "%s does not have the attribute %r" % (target, name)
            )
E           AttributeError: <module 'services.redis_cache' from '/Users/likhith./Veliora.AI_backend./services/redis_cache.py'> does not have the attribute '_redis_command'

/Library/Frameworks/Python.framework/Versions/3.11/lib/python3.11/unittest/mock.py:1400: AttributeError
_ ERROR at setup of TestGetAllPendingXP.test_get_all_pending_xp_returns_empty_when_none _

fixturedef = <FixtureDef argname='mock_redis' scope='function' baseid='tests'>
request = <SubRequest 'mock_redis' for <Coroutine test_get_all_pending_xp_returns_empty_when_none>>

    @pytest.hookimpl(wrapper=True)
    def pytest_fixture_setup(fixturedef: FixtureDef, request) -> object | None:
        asyncio_mode = _get_asyncio_mode(request.config)
        if not _is_asyncio_fixture_function(fixturedef.func):
            if asyncio_mode == Mode.STRICT:
                # Ignore async fixtures without explicit asyncio mark in strict mode
                # This applies to pytest_trio fixtures, for example
>               return (yield)
                        ^^^^^

/Library/Frameworks/Python.framework/Versions/3.11/lib/python3.11/site-packages/pytest_asyncio/plugin.py:681: 
_ _ _ _ _ _ _ _ _ _ _ _ _ _ _ _ _ _ _ _ _ _ _ _ _ _ _ _ _ _ _ _ _ _ _ _ _ _ _ _ 
tests/conftest.py:210: in mock_redis
    with mock as m:
/Library/Frameworks/Python.framework/Versions/3.11/lib/python3.11/unittest/mock.py:1427: in __enter__
    original, local = self.get_original()
                      ^^^^^^^^^^^^^^^^^^^
_ _ _ _ _ _ _ _ _ _ _ _ _ _ _ _ _ _ _ _ _ _ _ _ _ _ _ _ _ _ _ _ _ _ _ _ _ _ _ _ 

self = <unittest.mock._patch object at 0x1077deed0>

    def get_original(self):
        target = self.getter()
        name = self.attribute
    
        original = DEFAULT
        local = False
    
        try:
            original = target.__dict__[name]
        except (AttributeError, KeyError):
            original = getattr(target, name, DEFAULT)
        else:
            local = True
    
        if name in _builtins and isinstance(target, ModuleType):
            self.create = True
    
        if not self.create and original is DEFAULT:
>           raise AttributeError(
                "%s does not have the attribute %r" % (target, name)
            )
E           AttributeError: <module 'services.redis_cache' from '/Users/likhith./Veliora.AI_backend./services/redis_cache.py'> does not have the attribute '_redis_command'

/Library/Frameworks/Python.framework/Versions/3.11/lib/python3.11/unittest/mock.py:1400: AttributeError
____ ERROR at setup of TestAwardXP.test_award_xp_applies_streak_multiplier _____

fixturedef = <FixtureDef argname='mock_redis' scope='function' baseid='tests'>
request = <SubRequest 'mock_redis' for <Coroutine test_award_xp_applies_streak_multiplier>>

    @pytest.hookimpl(wrapper=True)
    def pytest_fixture_setup(fixturedef: FixtureDef, request) -> object | None:
        asyncio_mode = _get_asyncio_mode(request.config)
        if not _is_asyncio_fixture_function(fixturedef.func):
            if asyncio_mode == Mode.STRICT:
                # Ignore async fixtures without explicit asyncio mark in strict mode
                # This applies to pytest_trio fixtures, for example
>               return (yield)
                        ^^^^^

/Library/Frameworks/Python.framework/Versions/3.11/lib/python3.11/site-packages/pytest_asyncio/plugin.py:681: 
_ _ _ _ _ _ _ _ _ _ _ _ _ _ _ _ _ _ _ _ _ _ _ _ _ _ _ _ _ _ _ _ _ _ _ _ _ _ _ _ 
tests/conftest.py:210: in mock_redis
    with mock as m:
/Library/Frameworks/Python.framework/Versions/3.11/lib/python3.11/unittest/mock.py:1427: in __enter__
    original, local = self.get_original()
                      ^^^^^^^^^^^^^^^^^^^
_ _ _ _ _ _ _ _ _ _ _ _ _ _ _ _ _ _ _ _ _ _ _ _ _ _ _ _ _ _ _ _ _ _ _ _ _ _ _ _ 

self = <unittest.mock._patch object at 0x1072d8110>

    def get_original(self):
        target = self.getter()
        name = self.attribute
    
        original = DEFAULT
        local = False
    
        try:
            original = target.__dict__[name]
        except (AttributeError, KeyError):
            original = getattr(target, name, DEFAULT)
        else:
            local = True
    
        if name in _builtins and isinstance(target, ModuleType):
            self.create = True
    
        if not self.create and original is DEFAULT:
>           raise AttributeError(
                "%s does not have the attribute %r" % (target, name)
            )
E           AttributeError: <module 'services.redis_cache' from '/Users/likhith./Veliora.AI_backend./services/redis_cache.py'> does not have the attribute '_redis_command'

/Library/Frameworks/Python.framework/Versions/3.11/lib/python3.11/unittest/mock.py:1400: AttributeError
_____ ERROR at setup of TestAwardXP.test_award_xp_zero_for_unknown_action ______

fixturedef = <FixtureDef argname='mock_redis' scope='function' baseid='tests'>
request = <SubRequest 'mock_redis' for <Coroutine test_award_xp_zero_for_unknown_action>>

    @pytest.hookimpl(wrapper=True)
    def pytest_fixture_setup(fixturedef: FixtureDef, request) -> object | None:
        asyncio_mode = _get_asyncio_mode(request.config)
        if not _is_asyncio_fixture_function(fixturedef.func):
            if asyncio_mode == Mode.STRICT:
                # Ignore async fixtures without explicit asyncio mark in strict mode
                # This applies to pytest_trio fixtures, for example
>               return (yield)
                        ^^^^^

/Library/Frameworks/Python.framework/Versions/3.11/lib/python3.11/site-packages/pytest_asyncio/plugin.py:681: 
_ _ _ _ _ _ _ _ _ _ _ _ _ _ _ _ _ _ _ _ _ _ _ _ _ _ _ _ _ _ _ _ _ _ _ _ _ _ _ _ 
tests/conftest.py:210: in mock_redis
    with mock as m:
/Library/Frameworks/Python.framework/Versions/3.11/lib/python3.11/unittest/mock.py:1427: in __enter__
    original, local = self.get_original()
                      ^^^^^^^^^^^^^^^^^^^
_ _ _ _ _ _ _ _ _ _ _ _ _ _ _ _ _ _ _ _ _ _ _ _ _ _ _ _ _ _ _ _ _ _ _ _ _ _ _ _ 

self = <unittest.mock._patch object at 0x1076d3a50>

    def get_original(self):
        target = self.getter()
        name = self.attribute
    
        original = DEFAULT
        local = False
    
        try:
            original = target.__dict__[name]
        except (AttributeError, KeyError):
            original = getattr(target, name, DEFAULT)
        else:
            local = True
    
        if name in _builtins and isinstance(target, ModuleType):
            self.create = True
    
        if not self.create and original is DEFAULT:
>           raise AttributeError(
                "%s does not have the attribute %r" % (target, name)
            )
E           AttributeError: <module 'services.redis_cache' from '/Users/likhith./Veliora.AI_backend./services/redis_cache.py'> does not have the attribute '_redis_command'

/Library/Frameworks/Python.framework/Versions/3.11/lib/python3.11/unittest/mock.py:1400: AttributeError
________ ERROR at setup of TestAwardXP.test_award_xp_with_custom_amount ________

fixturedef = <FixtureDef argname='mock_redis' scope='function' baseid='tests'>
request = <SubRequest 'mock_redis' for <Coroutine test_award_xp_with_custom_amount>>

    @pytest.hookimpl(wrapper=True)
    def pytest_fixture_setup(fixturedef: FixtureDef, request) -> object | None:
        asyncio_mode = _get_asyncio_mode(request.config)
        if not _is_asyncio_fixture_function(fixturedef.func):
            if asyncio_mode == Mode.STRICT:
                # Ignore async fixtures without explicit asyncio mark in strict mode
                # This applies to pytest_trio fixtures, for example
>               return (yield)
                        ^^^^^

/Library/Frameworks/Python.framework/Versions/3.11/lib/python3.11/site-packages/pytest_asyncio/plugin.py:681: 
_ _ _ _ _ _ _ _ _ _ _ _ _ _ _ _ _ _ _ _ _ _ _ _ _ _ _ _ _ _ _ _ _ _ _ _ _ _ _ _ 
tests/conftest.py:210: in mock_redis
    with mock as m:
/Library/Frameworks/Python.framework/Versions/3.11/lib/python3.11/unittest/mock.py:1427: in __enter__
    original, local = self.get_original()
                      ^^^^^^^^^^^^^^^^^^^
_ _ _ _ _ _ _ _ _ _ _ _ _ _ _ _ _ _ _ _ _ _ _ _ _ _ _ _ _ _ _ _ _ _ _ _ _ _ _ _ 

self = <unittest.mock._patch object at 0x107928b90>

    def get_original(self):
        target = self.getter()
        name = self.attribute
    
        original = DEFAULT
        local = False
    
        try:
            original = target.__dict__[name]
        except (AttributeError, KeyError):
            original = getattr(target, name, DEFAULT)
        else:
            local = True
    
        if name in _builtins and isinstance(target, ModuleType):
            self.create = True
    
        if not self.create and original is DEFAULT:
>           raise AttributeError(
                "%s does not have the attribute %r" % (target, name)
            )
E           AttributeError: <module 'services.redis_cache' from '/Users/likhith./Veliora.AI_backend./services/redis_cache.py'> does not have the attribute '_redis_command'

/Library/Frameworks/Python.framework/Versions/3.11/lib/python3.11/unittest/mock.py:1400: AttributeError
_ ERROR at setup of TestAwardXP.test_award_xp_handles_missing_profile_gracefully _

fixturedef = <FixtureDef argname='mock_redis' scope='function' baseid='tests'>
request = <SubRequest 'mock_redis' for <Coroutine test_award_xp_handles_missing_profile_gracefully>>

    @pytest.hookimpl(wrapper=True)
    def pytest_fixture_setup(fixturedef: FixtureDef, request) -> object | None:
        asyncio_mode = _get_asyncio_mode(request.config)
        if not _is_asyncio_fixture_function(fixturedef.func):
            if asyncio_mode == Mode.STRICT:
                # Ignore async fixtures without explicit asyncio mark in strict mode
                # This applies to pytest_trio fixtures, for example
>               return (yield)
                        ^^^^^

/Library/Frameworks/Python.framework/Versions/3.11/lib/python3.11/site-packages/pytest_asyncio/plugin.py:681: 
_ _ _ _ _ _ _ _ _ _ _ _ _ _ _ _ _ _ _ _ _ _ _ _ _ _ _ _ _ _ _ _ _ _ _ _ _ _ _ _ 
tests/conftest.py:210: in mock_redis
    with mock as m:
/Library/Frameworks/Python.framework/Versions/3.11/lib/python3.11/unittest/mock.py:1427: in __enter__
    original, local = self.get_original()
                      ^^^^^^^^^^^^^^^^^^^
_ _ _ _ _ _ _ _ _ _ _ _ _ _ _ _ _ _ _ _ _ _ _ _ _ _ _ _ _ _ _ _ _ _ _ _ _ _ _ _ 

self = <unittest.mock._patch object at 0x107a4df90>

    def get_original(self):
        target = self.getter()
        name = self.attribute
    
        original = DEFAULT
        local = False
    
        try:
            original = target.__dict__[name]
        except (AttributeError, KeyError):
            original = getattr(target, name, DEFAULT)
        else:
            local = True
    
        if name in _builtins and isinstance(target, ModuleType):
            self.create = True
    
        if not self.create and original is DEFAULT:
>           raise AttributeError(
                "%s does not have the attribute %r" % (target, name)
            )
E           AttributeError: <module 'services.redis_cache' from '/Users/likhith./Veliora.AI_backend./services/redis_cache.py'> does not have the attribute '_redis_command'

/Library/Frameworks/Python.framework/Versions/3.11/lib/python3.11/unittest/mock.py:1400: AttributeError
_ ERROR at setup of TestFlushXPToDB.test_flush_calls_upsert_for_each_pending_entry _

fixturedef = <FixtureDef argname='mock_redis' scope='function' baseid='tests'>
request = <SubRequest 'mock_redis' for <Coroutine test_flush_calls_upsert_for_each_pending_entry>>

    @pytest.hookimpl(wrapper=True)
    def pytest_fixture_setup(fixturedef: FixtureDef, request) -> object | None:
        asyncio_mode = _get_asyncio_mode(request.config)
        if not _is_asyncio_fixture_function(fixturedef.func):
            if asyncio_mode == Mode.STRICT:
                # Ignore async fixtures without explicit asyncio mark in strict mode
                # This applies to pytest_trio fixtures, for example
>               return (yield)
                        ^^^^^

/Library/Frameworks/Python.framework/Versions/3.11/lib/python3.11/site-packages/pytest_asyncio/plugin.py:681: 
_ _ _ _ _ _ _ _ _ _ _ _ _ _ _ _ _ _ _ _ _ _ _ _ _ _ _ _ _ _ _ _ _ _ _ _ _ _ _ _ 
tests/conftest.py:210: in mock_redis
    with mock as m:
/Library/Frameworks/Python.framework/Versions/3.11/lib/python3.11/unittest/mock.py:1427: in __enter__
    original, local = self.get_original()
                      ^^^^^^^^^^^^^^^^^^^
_ _ _ _ _ _ _ _ _ _ _ _ _ _ _ _ _ _ _ _ _ _ _ _ _ _ _ _ _ _ _ _ _ _ _ _ _ _ _ _ 

self = <unittest.mock._patch object at 0x1077fb810>

    def get_original(self):
        target = self.getter()
        name = self.attribute
    
        original = DEFAULT
        local = False
    
        try:
            original = target.__dict__[name]
        except (AttributeError, KeyError):
            original = getattr(target, name, DEFAULT)
        else:
            local = True
    
        if name in _builtins and isinstance(target, ModuleType):
            self.create = True
    
        if not self.create and original is DEFAULT:
>           raise AttributeError(
                "%s does not have the attribute %r" % (target, name)
            )
E           AttributeError: <module 'services.redis_cache' from '/Users/likhith./Veliora.AI_backend./services/redis_cache.py'> does not have the attribute '_redis_command'

/Library/Frameworks/Python.framework/Versions/3.11/lib/python3.11/unittest/mock.py:1400: AttributeError
___ ERROR at setup of TestFlushXPToDB.test_flush_deletes_field_after_success ___

fixturedef = <FixtureDef argname='mock_redis' scope='function' baseid='tests'>
request = <SubRequest 'mock_redis' for <Coroutine test_flush_deletes_field_after_success>>

    @pytest.hookimpl(wrapper=True)
    def pytest_fixture_setup(fixturedef: FixtureDef, request) -> object | None:
        asyncio_mode = _get_asyncio_mode(request.config)
        if not _is_asyncio_fixture_function(fixturedef.func):
            if asyncio_mode == Mode.STRICT:
                # Ignore async fixtures without explicit asyncio mark in strict mode
                # This applies to pytest_trio fixtures, for example
>               return (yield)
                        ^^^^^

/Library/Frameworks/Python.framework/Versions/3.11/lib/python3.11/site-packages/pytest_asyncio/plugin.py:681: 
_ _ _ _ _ _ _ _ _ _ _ _ _ _ _ _ _ _ _ _ _ _ _ _ _ _ _ _ _ _ _ _ _ _ _ _ _ _ _ _ 
tests/conftest.py:210: in mock_redis
    with mock as m:
/Library/Frameworks/Python.framework/Versions/3.11/lib/python3.11/unittest/mock.py:1427: in __enter__
    original, local = self.get_original()
                      ^^^^^^^^^^^^^^^^^^^
_ _ _ _ _ _ _ _ _ _ _ _ _ _ _ _ _ _ _ _ _ _ _ _ _ _ _ _ _ _ _ _ _ _ _ _ _ _ _ _ 

self = <unittest.mock._patch object at 0x107af8b90>

    def get_original(self):
        target = self.getter()
        name = self.attribute
    
        original = DEFAULT
        local = False
    
        try:
            original = target.__dict__[name]
        except (AttributeError, KeyError):
            original = getattr(target, name, DEFAULT)
        else:
            local = True
    
        if name in _builtins and isinstance(target, ModuleType):
            self.create = True
    
        if not self.create and original is DEFAULT:
>           raise AttributeError(
                "%s does not have the attribute %r" % (target, name)
            )
E           AttributeError: <module 'services.redis_cache' from '/Users/likhith./Veliora.AI_backend./services/redis_cache.py'> does not have the attribute '_redis_command'

/Library/Frameworks/Python.framework/Versions/3.11/lib/python3.11/unittest/mock.py:1400: AttributeError
_____ ERROR at setup of TestFlushXPToDB.test_flush_skips_on_empty_pending ______

fixturedef = <FixtureDef argname='mock_redis' scope='function' baseid='tests'>
request = <SubRequest 'mock_redis' for <Coroutine test_flush_skips_on_empty_pending>>

    @pytest.hookimpl(wrapper=True)
    def pytest_fixture_setup(fixturedef: FixtureDef, request) -> object | None:
        asyncio_mode = _get_asyncio_mode(request.config)
        if not _is_asyncio_fixture_function(fixturedef.func):
            if asyncio_mode == Mode.STRICT:
                # Ignore async fixtures without explicit asyncio mark in strict mode
                # This applies to pytest_trio fixtures, for example
>               return (yield)
                        ^^^^^

/Library/Frameworks/Python.framework/Versions/3.11/lib/python3.11/site-packages/pytest_asyncio/plugin.py:681: 
_ _ _ _ _ _ _ _ _ _ _ _ _ _ _ _ _ _ _ _ _ _ _ _ _ _ _ _ _ _ _ _ _ _ _ _ _ _ _ _ 
tests/conftest.py:210: in mock_redis
    with mock as m:
/Library/Frameworks/Python.framework/Versions/3.11/lib/python3.11/unittest/mock.py:1427: in __enter__
    original, local = self.get_original()
                      ^^^^^^^^^^^^^^^^^^^
_ _ _ _ _ _ _ _ _ _ _ _ _ _ _ _ _ _ _ _ _ _ _ _ _ _ _ _ _ _ _ _ _ _ _ _ _ _ _ _ 

self = <unittest.mock._patch object at 0x107085610>

    def get_original(self):
        target = self.getter()
        name = self.attribute
    
        original = DEFAULT
        local = False
    
        try:
            original = target.__dict__[name]
        except (AttributeError, KeyError):
            original = getattr(target, name, DEFAULT)
        else:
            local = True
    
        if name in _builtins and isinstance(target, ModuleType):
            self.create = True
    
        if not self.create and original is DEFAULT:
>           raise AttributeError(
                "%s does not have the attribute %r" % (target, name)
            )
E           AttributeError: <module 'services.redis_cache' from '/Users/likhith./Veliora.AI_backend./services/redis_cache.py'> does not have the attribute '_redis_command'

/Library/Frameworks/Python.framework/Versions/3.11/lib/python3.11/unittest/mock.py:1400: AttributeError
_ ERROR at setup of TestFlushXPToDB.test_flush_retains_field_on_upsert_failure _

fixturedef = <FixtureDef argname='mock_redis' scope='function' baseid='tests'>
request = <SubRequest 'mock_redis' for <Coroutine test_flush_retains_field_on_upsert_failure>>

    @pytest.hookimpl(wrapper=True)
    def pytest_fixture_setup(fixturedef: FixtureDef, request) -> object | None:
        asyncio_mode = _get_asyncio_mode(request.config)
        if not _is_asyncio_fixture_function(fixturedef.func):
            if asyncio_mode == Mode.STRICT:
                # Ignore async fixtures without explicit asyncio mark in strict mode
                # This applies to pytest_trio fixtures, for example
>               return (yield)
                        ^^^^^

/Library/Frameworks/Python.framework/Versions/3.11/lib/python3.11/site-packages/pytest_asyncio/plugin.py:681: 
_ _ _ _ _ _ _ _ _ _ _ _ _ _ _ _ _ _ _ _ _ _ _ _ _ _ _ _ _ _ _ _ _ _ _ _ _ _ _ _ 
tests/conftest.py:210: in mock_redis
    with mock as m:
/Library/Frameworks/Python.framework/Versions/3.11/lib/python3.11/unittest/mock.py:1427: in __enter__
    original, local = self.get_original()
                      ^^^^^^^^^^^^^^^^^^^
_ _ _ _ _ _ _ _ _ _ _ _ _ _ _ _ _ _ _ _ _ _ _ _ _ _ _ _ _ _ _ _ _ _ _ _ _ _ _ _ 

self = <unittest.mock._patch object at 0x107835d90>

    def get_original(self):
        target = self.getter()
        name = self.attribute
    
        original = DEFAULT
        local = False
    
        try:
            original = target.__dict__[name]
        except (AttributeError, KeyError):
            original = getattr(target, name, DEFAULT)
        else:
            local = True
    
        if name in _builtins and isinstance(target, ModuleType):
            self.create = True
    
        if not self.create and original is DEFAULT:
>           raise AttributeError(
                "%s does not have the attribute %r" % (target, name)
            )
E           AttributeError: <module 'services.redis_cache' from '/Users/likhith./Veliora.AI_backend./services/redis_cache.py'> does not have the attribute '_redis_command'

/Library/Frameworks/Python.framework/Versions/3.11/lib/python3.11/unittest/mock.py:1400: AttributeError
_ ERROR at setup of TestSessionMilestones.test_session_message_count_increments _

fixturedef = <FixtureDef argname='mock_redis' scope='function' baseid='tests'>
request = <SubRequest 'mock_redis' for <Coroutine test_session_message_count_increments>>

    @pytest.hookimpl(wrapper=True)
    def pytest_fixture_setup(fixturedef: FixtureDef, request) -> object | None:
        asyncio_mode = _get_asyncio_mode(request.config)
        if not _is_asyncio_fixture_function(fixturedef.func):
            if asyncio_mode == Mode.STRICT:
                # Ignore async fixtures without explicit asyncio mark in strict mode
                # This applies to pytest_trio fixtures, for example
>               return (yield)
                        ^^^^^

/Library/Frameworks/Python.framework/Versions/3.11/lib/python3.11/site-packages/pytest_asyncio/plugin.py:681: 
_ _ _ _ _ _ _ _ _ _ _ _ _ _ _ _ _ _ _ _ _ _ _ _ _ _ _ _ _ _ _ _ _ _ _ _ _ _ _ _ 
tests/conftest.py:210: in mock_redis
    with mock as m:
/Library/Frameworks/Python.framework/Versions/3.11/lib/python3.11/unittest/mock.py:1427: in __enter__
    original, local = self.get_original()
                      ^^^^^^^^^^^^^^^^^^^
_ _ _ _ _ _ _ _ _ _ _ _ _ _ _ _ _ _ _ _ _ _ _ _ _ _ _ _ _ _ _ _ _ _ _ _ _ _ _ _ 

self = <unittest.mock._patch object at 0x107700850>

    def get_original(self):
        target = self.getter()
        name = self.attribute
    
        original = DEFAULT
        local = False
    
        try:
            original = target.__dict__[name]
        except (AttributeError, KeyError):
            original = getattr(target, name, DEFAULT)
        else:
            local = True
    
        if name in _builtins and isinstance(target, ModuleType):
            self.create = True
    
        if not self.create and original is DEFAULT:
>           raise AttributeError(
                "%s does not have the attribute %r" % (target, name)
            )
E           AttributeError: <module 'services.redis_cache' from '/Users/likhith./Veliora.AI_backend./services/redis_cache.py'> does not have the attribute '_redis_command'

/Library/Frameworks/Python.framework/Versions/3.11/lib/python3.11/unittest/mock.py:1400: AttributeError
____ ERROR at setup of TestSessionMilestones.test_session_count_sets_expiry ____

fixturedef = <FixtureDef argname='mock_redis' scope='function' baseid='tests'>
request = <SubRequest 'mock_redis' for <Coroutine test_session_count_sets_expiry>>

    @pytest.hookimpl(wrapper=True)
    def pytest_fixture_setup(fixturedef: FixtureDef, request) -> object | None:
        asyncio_mode = _get_asyncio_mode(request.config)
        if not _is_asyncio_fixture_function(fixturedef.func):
            if asyncio_mode == Mode.STRICT:
                # Ignore async fixtures without explicit asyncio mark in strict mode
                # This applies to pytest_trio fixtures, for example
>               return (yield)
                        ^^^^^

/Library/Frameworks/Python.framework/Versions/3.11/lib/python3.11/site-packages/pytest_asyncio/plugin.py:681: 
_ _ _ _ _ _ _ _ _ _ _ _ _ _ _ _ _ _ _ _ _ _ _ _ _ _ _ _ _ _ _ _ _ _ _ _ _ _ _ _ 
tests/conftest.py:210: in mock_redis
    with mock as m:
/Library/Frameworks/Python.framework/Versions/3.11/lib/python3.11/unittest/mock.py:1427: in __enter__
    original, local = self.get_original()
                      ^^^^^^^^^^^^^^^^^^^
_ _ _ _ _ _ _ _ _ _ _ _ _ _ _ _ _ _ _ _ _ _ _ _ _ _ _ _ _ _ _ _ _ _ _ _ _ _ _ _ 

self = <unittest.mock._patch object at 0x107b06950>

    def get_original(self):
        target = self.getter()
        name = self.attribute
    
        original = DEFAULT
        local = False
    
        try:
            original = target.__dict__[name]
        except (AttributeError, KeyError):
            original = getattr(target, name, DEFAULT)
        else:
            local = True
    
        if name in _builtins and isinstance(target, ModuleType):
            self.create = True
    
        if not self.create and original is DEFAULT:
>           raise AttributeError(
                "%s does not have the attribute %r" % (target, name)
            )
E           AttributeError: <module 'services.redis_cache' from '/Users/likhith./Veliora.AI_backend./services/redis_cache.py'> does not have the attribute '_redis_command'

/Library/Frameworks/Python.framework/Versions/3.11/lib/python3.11/unittest/mock.py:1400: AttributeError
=================================== FAILURES ===================================
___________ TestProfileCRUD.test_get_profile_returns_404_if_missing ____________

self = <tests.test_auth.TestProfileCRUD object at 0x103ceaf10>
client = <starlette.testclient.TestClient object at 0x1048a4d90>

    def test_get_profile_returns_404_if_missing(self, client):
        """GET /api/auth/profile should 404 if profile doesn't exist."""
        with patch(
            "services.supabase_client.get_user_profile",
            new_callable=AsyncMock,
            return_value=None,
        ):
>           response = client.get(
                "/api/auth/profile",
                headers={"Authorization": "Bearer test-token"},
            )

tests/test_auth.py:200: 
_ _ _ _ _ _ _ _ _ _ _ _ _ _ _ _ _ _ _ _ _ _ _ _ _ _ _ _ _ _ _ _ _ _ _ _ _ _ _ _ 
/Library/Frameworks/Python.framework/Versions/3.11/lib/python3.11/site-packages/starlette/testclient.py:514: in get
    return super().get(
/Library/Frameworks/Python.framework/Versions/3.11/lib/python3.11/site-packages/httpx/_client.py:1053: in get
    return self.request(
/Library/Frameworks/Python.framework/Versions/3.11/lib/python3.11/site-packages/starlette/testclient.py:484: in request
    return super().request(
/Library/Frameworks/Python.framework/Versions/3.11/lib/python3.11/site-packages/httpx/_client.py:825: in request
    return self.send(request, auth=auth, follow_redirects=follow_redirects)
           ^^^^^^^^^^^^^^^^^^^^^^^^^^^^^^^^^^^^^^^^^^^^^^^^^^^^^^^^^^^^^^^^
/Library/Frameworks/Python.framework/Versions/3.11/lib/python3.11/site-packages/httpx/_client.py:914: in send
    response = self._send_handling_auth(
/Library/Frameworks/Python.framework/Versions/3.11/lib/python3.11/site-packages/httpx/_client.py:942: in _send_handling_auth
    response = self._send_handling_redirects(
/Library/Frameworks/Python.framework/Versions/3.11/lib/python3.11/site-packages/httpx/_client.py:979: in _send_handling_redirects
    response = self._send_single_request(request)
               ^^^^^^^^^^^^^^^^^^^^^^^^^^^^^^^^^^
/Library/Frameworks/Python.framework/Versions/3.11/lib/python3.11/site-packages/httpx/_client.py:1014: in _send_single_request
    response = transport.handle_request(request)
               ^^^^^^^^^^^^^^^^^^^^^^^^^^^^^^^^^
/Library/Frameworks/Python.framework/Versions/3.11/lib/python3.11/site-packages/starlette/testclient.py:377: in handle_request
    raise exc
/Library/Frameworks/Python.framework/Versions/3.11/lib/python3.11/site-packages/starlette/testclient.py:374: in handle_request
    portal.call(self.app, scope, receive, send)
/Library/Frameworks/Python.framework/Versions/3.11/lib/python3.11/site-packages/anyio/from_thread.py:277: in call
    return cast(T_Retval, self.start_task_soon(func, *args).result())
                          ^^^^^^^^^^^^^^^^^^^^^^^^^^^^^^^^^^^^^^^^^^
/Library/Frameworks/Python.framework/Versions/3.11/lib/python3.11/concurrent/futures/_base.py:449: in result
    return self.__get_result()
           ^^^^^^^^^^^^^^^^^^^
/Library/Frameworks/Python.framework/Versions/3.11/lib/python3.11/concurrent/futures/_base.py:401: in __get_result
    raise self._exception
/Library/Frameworks/Python.framework/Versions/3.11/lib/python3.11/site-packages/anyio/from_thread.py:217: in _call_func
    retval = await retval
             ^^^^^^^^^^^^
/Library/Frameworks/Python.framework/Versions/3.11/lib/python3.11/site-packages/fastapi/applications.py:1054: in __call__
    await super().__call__(scope, receive, send)
/Library/Frameworks/Python.framework/Versions/3.11/lib/python3.11/site-packages/starlette/applications.py:113: in __call__
    await self.middleware_stack(scope, receive, send)
/Library/Frameworks/Python.framework/Versions/3.11/lib/python3.11/site-packages/starlette/middleware/errors.py:187: in __call__
    raise exc
/Library/Frameworks/Python.framework/Versions/3.11/lib/python3.11/site-packages/starlette/middleware/errors.py:165: in __call__
    await self.app(scope, receive, _send)
/Library/Frameworks/Python.framework/Versions/3.11/lib/python3.11/site-packages/starlette/middleware/cors.py:85: in __call__
    await self.app(scope, receive, send)
/Library/Frameworks/Python.framework/Versions/3.11/lib/python3.11/site-packages/starlette/middleware/exceptions.py:62: in __call__
    await wrap_app_handling_exceptions(self.app, conn)(scope, receive, send)
/Library/Frameworks/Python.framework/Versions/3.11/lib/python3.11/site-packages/starlette/_exception_handler.py:53: in wrapped_app
    raise exc
/Library/Frameworks/Python.framework/Versions/3.11/lib/python3.11/site-packages/starlette/_exception_handler.py:42: in wrapped_app
    await app(scope, receive, sender)
/Library/Frameworks/Python.framework/Versions/3.11/lib/python3.11/site-packages/starlette/routing.py:715: in __call__
    await self.middleware_stack(scope, receive, send)
/Library/Frameworks/Python.framework/Versions/3.11/lib/python3.11/site-packages/starlette/routing.py:735: in app
    await route.handle(scope, receive, send)
/Library/Frameworks/Python.framework/Versions/3.11/lib/python3.11/site-packages/starlette/routing.py:288: in handle
    await self.app(scope, receive, send)
/Library/Frameworks/Python.framework/Versions/3.11/lib/python3.11/site-packages/starlette/routing.py:76: in app
    await wrap_app_handling_exceptions(app, request)(scope, receive, send)
/Library/Frameworks/Python.framework/Versions/3.11/lib/python3.11/site-packages/starlette/_exception_handler.py:53: in wrapped_app
    raise exc
/Library/Frameworks/Python.framework/Versions/3.11/lib/python3.11/site-packages/starlette/_exception_handler.py:42: in wrapped_app
    await app(scope, receive, sender)
/Library/Frameworks/Python.framework/Versions/3.11/lib/python3.11/site-packages/starlette/routing.py:73: in app
    response = await f(request)
               ^^^^^^^^^^^^^^^^
/Library/Frameworks/Python.framework/Versions/3.11/lib/python3.11/site-packages/fastapi/routing.py:301: in app
    raw_response = await run_endpoint_function(
/Library/Frameworks/Python.framework/Versions/3.11/lib/python3.11/site-packages/fastapi/routing.py:212: in run_endpoint_function
    return await dependant.call(**values)
           ^^^^^^^^^^^^^^^^^^^^^^^^^^^^^^
api/auth.py:294: in get_profile
    profile = await create_user_profile(current_user['user_id'], profile_data)
              ^^^^^^^^^^^^^^^^^^^^^^^^^^^^^^^^^^^^^^^^^^^^^^^^^^^^^^^^^^^^^^^^
services/supabase_client.py:70: in create_user_profile
    client = get_supabase_admin()
             ^^^^^^^^^^^^^^^^^^^^
services/supabase_client.py:38: in get_supabase_admin
    _supabase_admin = create_client(settings.SUPABASE_URL, settings.SUPABASE_SERVICE_ROLE_KEY)
                      ^^^^^^^^^^^^^^^^^^^^^^^^^^^^^^^^^^^^^^^^^^^^^^^^^^^^^^^^^^^^^^^^^^^^^^^^
/Library/Frameworks/Python.framework/Versions/3.11/lib/python3.11/site-packages/supabase/_sync/client.py:335: in create_client
    return SyncClient.create(
/Library/Frameworks/Python.framework/Versions/3.11/lib/python3.11/site-packages/supabase/_sync/client.py:102: in create
    client = cls(supabase_url, supabase_key, options)
             ^^^^^^^^^^^^^^^^^^^^^^^^^^^^^^^^^^^^^^^^
_ _ _ _ _ _ _ _ _ _ _ _ _ _ _ _ _ _ _ _ _ _ _ _ _ _ _ _ _ _ _ _ _ _ _ _ _ _ _ _ 

self = <supabase._sync.client.SyncClient object at 0x10489fc10>
supabase_url = 'https://test.supabase.co'
supabase_key = 'test-service-role-key', options = None

    def __init__(
        self,
        supabase_url: str,
        supabase_key: str,
        options: Optional[ClientOptions] = None,
    ):
        """Instantiate the client.
    
        Parameters
        ----------
        supabase_url: str
            The URL to the Supabase instance that should be connected to.
        supabase_key: str
            The API key to the Supabase instance that should be connected to.
        **options
            Any extra settings to be optionally specified - also see the
            `DEFAULT_OPTIONS` dict.
        """
    
        if not supabase_url:
            raise SupabaseException("supabase_url is required")
        if not supabase_key:
            raise SupabaseException("supabase_key is required")
    
        # Check if the url and key are valid
        if not re.match(r"^(https?)://.+", supabase_url):
            raise SupabaseException("Invalid URL")
    
        # Check if the key is a valid JWT
        if not re.match(
            r"^[A-Za-z0-9-_=]+\.[A-Za-z0-9-_=]+\.?[A-Za-z0-9-_.+/=]*$", supabase_key
        ):
>           raise SupabaseException("Invalid API key")
E           supabase._sync.client.SupabaseException: Invalid API key

/Library/Frameworks/Python.framework/Versions/3.11/lib/python3.11/site-packages/supabase/_sync/client.py:64: SupabaseException
_____ TestSelfieGeneration.test_selfie_endpoint_generates_and_returns_url ______

self = <tests.test_multimodal.TestSelfieGeneration object at 0x103d11dd0>
client = <starlette.testclient.TestClient object at 0x1060e9dd0>
mock_supabase_profile = <AsyncMock name='get_user_profile' id='4379860176'>

    def test_selfie_endpoint_generates_and_returns_url(
        self, client, mock_supabase_profile
    ):
        """POST /api/selfie/generate should return image_url."""
>       with patch(
            "services.redis_cache.load_context",
            new_callable=AsyncMock,
            return_value=[{"role": "user", "content": "Tell me about Delhi"}],
        ), patch(
            "services.llm_engine.generate_scene_description",
            new_callable=AsyncMock,
            return_value="A sunny afternoon in Lodhi Garden with warm golden light",
        ), patch(
            "services.selfie_service.generate_bot_selfie",
            new_callable=AsyncMock,
            return_value={
                "image_url": "https://test.supabase.co/storage/v1/object/public/selfies/test.png",
                "scene_description": "A sunny afternoon in Lodhi Garden",
            },
        ), patch(
            "services.background_tasks.award_xp",
            new_callable=AsyncMock,
            return_value={"total_earned": 150},
        ):

tests/test_multimodal.py:24: 
_ _ _ _ _ _ _ _ _ _ _ _ _ _ _ _ _ _ _ _ _ _ _ _ _ _ _ _ _ _ _ _ _ _ _ _ _ _ _ _ 
/Library/Frameworks/Python.framework/Versions/3.11/lib/python3.11/unittest/mock.py:1427: in __enter__
    original, local = self.get_original()
                      ^^^^^^^^^^^^^^^^^^^
_ _ _ _ _ _ _ _ _ _ _ _ _ _ _ _ _ _ _ _ _ _ _ _ _ _ _ _ _ _ _ _ _ _ _ _ _ _ _ _ 

self = <unittest.mock._patch object at 0x1050f7b50>

    def get_original(self):
        target = self.getter()
        name = self.attribute
    
        original = DEFAULT
        local = False
    
        try:
            original = target.__dict__[name]
        except (AttributeError, KeyError):
            original = getattr(target, name, DEFAULT)
        else:
            local = True
    
        if name in _builtins and isinstance(target, ModuleType):
            self.create = True
    
        if not self.create and original is DEFAULT:
>           raise AttributeError(
                "%s does not have the attribute %r" % (target, name)
            )
E           AttributeError: <module 'services.redis_cache' from '/Users/likhith./Veliora.AI_backend./services/redis_cache.py'> does not have the attribute 'load_context'

/Library/Frameworks/Python.framework/Versions/3.11/lib/python3.11/unittest/mock.py:1400: AttributeError
__________ TestSelfieGeneration.test_selfie_endpoint_handles_failure ___________

self = <tests.test_multimodal.TestSelfieGeneration object at 0x103cf6290>
client = <starlette.testclient.TestClient object at 0x105168c50>
mock_supabase_profile = <AsyncMock name='get_user_profile' id='4380340048'>

    def test_selfie_endpoint_handles_failure(
        self, client, mock_supabase_profile
    ):
        """POST /api/selfie/generate should return 500 on image gen failure."""
>       with patch(
            "services.redis_cache.load_context",
            new_callable=AsyncMock,
            return_value=[],
        ), patch(
            "services.llm_engine.generate_scene_description",
            new_callable=AsyncMock,
            return_value="A scene description",
        ), patch(
            "services.selfie_service.generate_bot_selfie",
            new_callable=AsyncMock,
            return_value=None,  # Failure
        ):

tests/test_multimodal.py:61: 
_ _ _ _ _ _ _ _ _ _ _ _ _ _ _ _ _ _ _ _ _ _ _ _ _ _ _ _ _ _ _ _ _ _ _ _ _ _ _ _ 
/Library/Frameworks/Python.framework/Versions/3.11/lib/python3.11/unittest/mock.py:1427: in __enter__
    original, local = self.get_original()
                      ^^^^^^^^^^^^^^^^^^^
_ _ _ _ _ _ _ _ _ _ _ _ _ _ _ _ _ _ _ _ _ _ _ _ _ _ _ _ _ _ _ _ _ _ _ _ _ _ _ _ 

self = <unittest.mock._patch object at 0x1050ae650>

    def get_original(self):
        target = self.getter()
        name = self.attribute
    
        original = DEFAULT
        local = False
    
        try:
            original = target.__dict__[name]
        except (AttributeError, KeyError):
            original = getattr(target, name, DEFAULT)
        else:
            local = True
    
        if name in _builtins and isinstance(target, ModuleType):
            self.create = True
    
        if not self.create and original is DEFAULT:
>           raise AttributeError(
                "%s does not have the attribute %r" % (target, name)
            )
E           AttributeError: <module 'services.redis_cache' from '/Users/likhith./Veliora.AI_backend./services/redis_cache.py'> does not have the attribute 'load_context'

/Library/Frameworks/Python.framework/Versions/3.11/lib/python3.11/unittest/mock.py:1400: AttributeError
___________ TestMemeGeneration.test_meme_endpoint_returns_text_meme ____________

self = <tests.test_multimodal.TestMemeGeneration object at 0x103d22310>
client = <starlette.testclient.TestClient object at 0x1060b8410>

    def test_meme_endpoint_returns_text_meme(self, client):
        """POST /api/multimodal/meme should return text_meme."""
        with patch(
            "services.llm_engine.generate_text_meme",
            new_callable=AsyncMock,
            return_value="When your bro says 'one more chai'... 🍵 (spoiler: it's never just one)",
        ), patch(
            "services.background_tasks.award_xp",
            new_callable=AsyncMock,
            return_value={"total_earned": 100},
        ):
>           response = client.post(
                "/api/multimodal/meme",
                json={
                    "bot_id": TEST_BOT_ID,
                    "topic": "chai addiction",
                    "language": "english",
                },
                headers={"Authorization": "Bearer test-token"},
            )

tests/test_multimodal.py:98: 
_ _ _ _ _ _ _ _ _ _ _ _ _ _ _ _ _ _ _ _ _ _ _ _ _ _ _ _ _ _ _ _ _ _ _ _ _ _ _ _ 
/Library/Frameworks/Python.framework/Versions/3.11/lib/python3.11/site-packages/starlette/testclient.py:593: in post
    return super().post(
/Library/Frameworks/Python.framework/Versions/3.11/lib/python3.11/site-packages/httpx/_client.py:1144: in post
    return self.request(
/Library/Frameworks/Python.framework/Versions/3.11/lib/python3.11/site-packages/starlette/testclient.py:484: in request
    return super().request(
/Library/Frameworks/Python.framework/Versions/3.11/lib/python3.11/site-packages/httpx/_client.py:825: in request
    return self.send(request, auth=auth, follow_redirects=follow_redirects)
           ^^^^^^^^^^^^^^^^^^^^^^^^^^^^^^^^^^^^^^^^^^^^^^^^^^^^^^^^^^^^^^^^
/Library/Frameworks/Python.framework/Versions/3.11/lib/python3.11/site-packages/httpx/_client.py:914: in send
    response = self._send_handling_auth(
/Library/Frameworks/Python.framework/Versions/3.11/lib/python3.11/site-packages/httpx/_client.py:942: in _send_handling_auth
    response = self._send_handling_redirects(
/Library/Frameworks/Python.framework/Versions/3.11/lib/python3.11/site-packages/httpx/_client.py:979: in _send_handling_redirects
    response = self._send_single_request(request)
               ^^^^^^^^^^^^^^^^^^^^^^^^^^^^^^^^^^
/Library/Frameworks/Python.framework/Versions/3.11/lib/python3.11/site-packages/httpx/_client.py:1014: in _send_single_request
    response = transport.handle_request(request)
               ^^^^^^^^^^^^^^^^^^^^^^^^^^^^^^^^^
/Library/Frameworks/Python.framework/Versions/3.11/lib/python3.11/site-packages/starlette/testclient.py:377: in handle_request
    raise exc
/Library/Frameworks/Python.framework/Versions/3.11/lib/python3.11/site-packages/starlette/testclient.py:374: in handle_request
    portal.call(self.app, scope, receive, send)
/Library/Frameworks/Python.framework/Versions/3.11/lib/python3.11/site-packages/anyio/from_thread.py:277: in call
    return cast(T_Retval, self.start_task_soon(func, *args).result())
                          ^^^^^^^^^^^^^^^^^^^^^^^^^^^^^^^^^^^^^^^^^^
/Library/Frameworks/Python.framework/Versions/3.11/lib/python3.11/concurrent/futures/_base.py:456: in result
    return self.__get_result()
           ^^^^^^^^^^^^^^^^^^^
/Library/Frameworks/Python.framework/Versions/3.11/lib/python3.11/concurrent/futures/_base.py:401: in __get_result
    raise self._exception
/Library/Frameworks/Python.framework/Versions/3.11/lib/python3.11/site-packages/anyio/from_thread.py:217: in _call_func
    retval = await retval
             ^^^^^^^^^^^^
/Library/Frameworks/Python.framework/Versions/3.11/lib/python3.11/site-packages/fastapi/applications.py:1054: in __call__
    await super().__call__(scope, receive, send)
/Library/Frameworks/Python.framework/Versions/3.11/lib/python3.11/site-packages/starlette/applications.py:113: in __call__
    await self.middleware_stack(scope, receive, send)
/Library/Frameworks/Python.framework/Versions/3.11/lib/python3.11/site-packages/starlette/middleware/errors.py:187: in __call__
    raise exc
/Library/Frameworks/Python.framework/Versions/3.11/lib/python3.11/site-packages/starlette/middleware/errors.py:165: in __call__
    await self.app(scope, receive, _send)
/Library/Frameworks/Python.framework/Versions/3.11/lib/python3.11/site-packages/starlette/middleware/cors.py:85: in __call__
    await self.app(scope, receive, send)
/Library/Frameworks/Python.framework/Versions/3.11/lib/python3.11/site-packages/starlette/middleware/exceptions.py:62: in __call__
    await wrap_app_handling_exceptions(self.app, conn)(scope, receive, send)
/Library/Frameworks/Python.framework/Versions/3.11/lib/python3.11/site-packages/starlette/_exception_handler.py:53: in wrapped_app
    raise exc
/Library/Frameworks/Python.framework/Versions/3.11/lib/python3.11/site-packages/starlette/_exception_handler.py:42: in wrapped_app
    await app(scope, receive, sender)
/Library/Frameworks/Python.framework/Versions/3.11/lib/python3.11/site-packages/starlette/routing.py:715: in __call__
    await self.middleware_stack(scope, receive, send)
/Library/Frameworks/Python.framework/Versions/3.11/lib/python3.11/site-packages/starlette/routing.py:735: in app
    await route.handle(scope, receive, send)
/Library/Frameworks/Python.framework/Versions/3.11/lib/python3.11/site-packages/starlette/routing.py:288: in handle
    await self.app(scope, receive, send)
/Library/Frameworks/Python.framework/Versions/3.11/lib/python3.11/site-packages/starlette/routing.py:76: in app
    await wrap_app_handling_exceptions(app, request)(scope, receive, send)
/Library/Frameworks/Python.framework/Versions/3.11/lib/python3.11/site-packages/starlette/_exception_handler.py:53: in wrapped_app
    raise exc
/Library/Frameworks/Python.framework/Versions/3.11/lib/python3.11/site-packages/starlette/_exception_handler.py:42: in wrapped_app
    await app(scope, receive, sender)
/Library/Frameworks/Python.framework/Versions/3.11/lib/python3.11/site-packages/starlette/routing.py:73: in app
    response = await f(request)
               ^^^^^^^^^^^^^^^^
/Library/Frameworks/Python.framework/Versions/3.11/lib/python3.11/site-packages/fastapi/routing.py:301: in app
    raw_response = await run_endpoint_function(
/Library/Frameworks/Python.framework/Versions/3.11/lib/python3.11/site-packages/fastapi/routing.py:212: in run_endpoint_function
    return await dependant.call(**values)
           ^^^^^^^^^^^^^^^^^^^^^^^^^^^^^^
api/multimodal.py:356: in generate_meme
    from Redis_chat.working_files.memory_functions import get_semantically_similar_memories
Redis_chat/working_files/memory_functions.py:22: in <module>
    from Redis_chat.working_files.RFM_functions import (
_ _ _ _ _ _ _ _ _ _ _ _ _ _ _ _ _ _ _ _ _ _ _ _ _ _ _ _ _ _ _ _ _ _ _ _ _ _ _ _ 

    """
    Redis_chat — RFM (Recency, Frequency, Magnitude) Scoring Functions
    Evaluates memory importance using a weighted RFM score.
    
    Adapted for Veliora.AI backend — uses settings for API key.
    """
    
    from google import genai
    from datetime import datetime, timezone
    import os
    
    from config.settings import get_settings
    
    _settings = get_settings()
>   _client = genai.Client(api_key=_settings.effective_google_api_key)
                                   ^^^^^^^^^^^^^^^^^^^^^^^^^^^^^^^^^^
E   AttributeError: 'MockSettings' object has no attribute 'effective_google_api_key'

Redis_chat/working_files/RFM_functions.py:15: AttributeError
___________ TestImageDescription.test_describe_image_with_valid_file ___________

self = <tests.test_multimodal.TestImageDescription object at 0x103d22850>
client = <starlette.testclient.TestClient object at 0x1060e8790>

    def test_describe_image_with_valid_file(self, client):
        """POST /api/multimodal/describe-image should return description."""
        # Create a minimal valid PNG file (1x1 pixel)
        import struct
        import zlib
    
        def create_minimal_png():
            signature = b'\x89PNG\r\n\x1a\n'
            ihdr_data = struct.pack('>IIBBBBB', 1, 1, 8, 2, 0, 0, 0)
            ihdr_crc = zlib.crc32(b'IHDR' + ihdr_data)
            ihdr = struct.pack('>I', 13) + b'IHDR' + ihdr_data + struct.pack('>I', ihdr_crc)
            raw = b'\x00\x00\x00\x00'
            idat_data = zlib.compress(raw)
            idat_crc = zlib.crc32(b'IDAT' + idat_data)
            idat = struct.pack('>I', len(idat_data)) + b'IDAT' + idat_data + struct.pack('>I', idat_crc)
            iend_crc = zlib.crc32(b'IEND')
            iend = struct.pack('>I', 0) + b'IEND' + struct.pack('>I', iend_crc)
            return signature + ihdr + idat + iend
    
        png_bytes = create_minimal_png()
    
        with patch(
            "services.llm_engine.describe_image",
            new_callable=AsyncMock,
            return_value="I see a beautiful scene, dear! It reminds me of sunsets at Lodhi Garden.",
        ), patch(
            "services.background_tasks.award_xp",
            new_callable=AsyncMock,
            return_value={"total_earned": 50},
        ):
            response = client.post(
                f"/api/multimodal/describe-image?bot_id={TEST_BOT_ID}&language=english",
                files={"file": ("test.png", png_bytes, "image/png")},
                headers={"Authorization": "Bearer test-token"},
            )
    
>       assert response.status_code == 200
E       assert 422 == 200
E        +  where 422 = <Response [422 Unprocessable Entity]>.status_code

tests/test_multimodal.py:154: AssertionError
__________ TestImageDescription.test_describe_image_rejects_non_image __________

self = <tests.test_multimodal.TestImageDescription object at 0x103d22bd0>
client = <starlette.testclient.TestClient object at 0x106e0c250>

    def test_describe_image_rejects_non_image(self, client):
        """POST /api/multimodal/describe-image should reject non-image files."""
        response = client.post(
            f"/api/multimodal/describe-image?bot_id={TEST_BOT_ID}",
            files={"file": ("test.txt", b"not an image", "text/plain")},
            headers={"Authorization": "Bearer test-token"},
        )
>       assert response.status_code == 400
E       assert 422 == 400
E        +  where 422 = <Response [422 Unprocessable Entity]>.status_code

tests/test_multimodal.py:166: AssertionError
______________ TestWeatherEndpoint.test_weather_uses_safe_format _______________

self = <tests.test_multimodal.TestWeatherEndpoint object at 0x103d23150>
client = <starlette.testclient.TestClient object at 0x106c05950>
mock_supabase_profile = <AsyncMock name='get_user_profile' id='4419557520'>

    def test_weather_uses_safe_format(self, client, mock_supabase_profile):
        """GET /api/multimodal/weather/{bot_id} should not crash on braces in prompt."""
        with patch(
            "httpx.AsyncClient.get",
            new_callable=AsyncMock,
        ) as mock_get, patch(
            "services.llm_engine.generate_chat_response",
            new_callable=AsyncMock,
            return_value="Ah dear, Delhi is warm today! Perfect for a walk in Lodhi Garden.",
        ), patch(
            "services.background_tasks.award_xp",
            new_callable=AsyncMock,
            return_value={"total_earned": 25},
        ), patch(
            "bot_prompt.get_bot_prompt",
            # Prompt with literal braces that would crash .format()
            return_value="You are {custom_bot_name}. Rules: {{respond naturally}} in {languageString}.",
        ), patch(
            "config.mappings.get_persona_origin",
            return_value={"city": "Delhi", "country": "India"},
        ):
            # Mock weather API response
            mock_resp = MagicMock()
            mock_resp.status_code = 200
            mock_resp.json.return_value = {
                "current_condition": [{
                    "temp_C": "32",
                    "weatherDesc": [{"value": "Sunny"}],
                    "FeelsLikeC": "35",
                    "humidity": "45",
                }]
            }
            mock_resp.raise_for_status = MagicMock()
            mock_get.return_value = mock_resp
    
>           response = client.get(
                f"/api/multimodal/weather/{TEST_BOT_ID}",
                headers={"Authorization": "Bearer test-token"},
            )

tests/test_multimodal.py:207: 
_ _ _ _ _ _ _ _ _ _ _ _ _ _ _ _ _ _ _ _ _ _ _ _ _ _ _ _ _ _ _ _ _ _ _ _ _ _ _ _ 
/Library/Frameworks/Python.framework/Versions/3.11/lib/python3.11/site-packages/starlette/testclient.py:514: in get
    return super().get(
/Library/Frameworks/Python.framework/Versions/3.11/lib/python3.11/site-packages/httpx/_client.py:1053: in get
    return self.request(
/Library/Frameworks/Python.framework/Versions/3.11/lib/python3.11/site-packages/starlette/testclient.py:484: in request
    return super().request(
/Library/Frameworks/Python.framework/Versions/3.11/lib/python3.11/site-packages/httpx/_client.py:825: in request
    return self.send(request, auth=auth, follow_redirects=follow_redirects)
           ^^^^^^^^^^^^^^^^^^^^^^^^^^^^^^^^^^^^^^^^^^^^^^^^^^^^^^^^^^^^^^^^
/Library/Frameworks/Python.framework/Versions/3.11/lib/python3.11/site-packages/httpx/_client.py:914: in send
    response = self._send_handling_auth(
/Library/Frameworks/Python.framework/Versions/3.11/lib/python3.11/site-packages/httpx/_client.py:942: in _send_handling_auth
    response = self._send_handling_redirects(
/Library/Frameworks/Python.framework/Versions/3.11/lib/python3.11/site-packages/httpx/_client.py:979: in _send_handling_redirects
    response = self._send_single_request(request)
               ^^^^^^^^^^^^^^^^^^^^^^^^^^^^^^^^^^
/Library/Frameworks/Python.framework/Versions/3.11/lib/python3.11/site-packages/httpx/_client.py:1014: in _send_single_request
    response = transport.handle_request(request)
               ^^^^^^^^^^^^^^^^^^^^^^^^^^^^^^^^^
/Library/Frameworks/Python.framework/Versions/3.11/lib/python3.11/site-packages/starlette/testclient.py:377: in handle_request
    raise exc
/Library/Frameworks/Python.framework/Versions/3.11/lib/python3.11/site-packages/starlette/testclient.py:374: in handle_request
    portal.call(self.app, scope, receive, send)
/Library/Frameworks/Python.framework/Versions/3.11/lib/python3.11/site-packages/anyio/from_thread.py:277: in call
    return cast(T_Retval, self.start_task_soon(func, *args).result())
                          ^^^^^^^^^^^^^^^^^^^^^^^^^^^^^^^^^^^^^^^^^^
/Library/Frameworks/Python.framework/Versions/3.11/lib/python3.11/concurrent/futures/_base.py:456: in result
    return self.__get_result()
           ^^^^^^^^^^^^^^^^^^^
/Library/Frameworks/Python.framework/Versions/3.11/lib/python3.11/concurrent/futures/_base.py:401: in __get_result
    raise self._exception
/Library/Frameworks/Python.framework/Versions/3.11/lib/python3.11/site-packages/anyio/from_thread.py:217: in _call_func
    retval = await retval
             ^^^^^^^^^^^^
/Library/Frameworks/Python.framework/Versions/3.11/lib/python3.11/site-packages/fastapi/applications.py:1054: in __call__
    await super().__call__(scope, receive, send)
/Library/Frameworks/Python.framework/Versions/3.11/lib/python3.11/site-packages/starlette/applications.py:113: in __call__
    await self.middleware_stack(scope, receive, send)
/Library/Frameworks/Python.framework/Versions/3.11/lib/python3.11/site-packages/starlette/middleware/errors.py:187: in __call__
    raise exc
/Library/Frameworks/Python.framework/Versions/3.11/lib/python3.11/site-packages/starlette/middleware/errors.py:165: in __call__
    await self.app(scope, receive, _send)
/Library/Frameworks/Python.framework/Versions/3.11/lib/python3.11/site-packages/starlette/middleware/cors.py:85: in __call__
    await self.app(scope, receive, send)
/Library/Frameworks/Python.framework/Versions/3.11/lib/python3.11/site-packages/starlette/middleware/exceptions.py:62: in __call__
    await wrap_app_handling_exceptions(self.app, conn)(scope, receive, send)
/Library/Frameworks/Python.framework/Versions/3.11/lib/python3.11/site-packages/starlette/_exception_handler.py:53: in wrapped_app
    raise exc
/Library/Frameworks/Python.framework/Versions/3.11/lib/python3.11/site-packages/starlette/_exception_handler.py:42: in wrapped_app
    await app(scope, receive, sender)
/Library/Frameworks/Python.framework/Versions/3.11/lib/python3.11/site-packages/starlette/routing.py:715: in __call__
    await self.middleware_stack(scope, receive, send)
/Library/Frameworks/Python.framework/Versions/3.11/lib/python3.11/site-packages/starlette/routing.py:735: in app
    await route.handle(scope, receive, send)
/Library/Frameworks/Python.framework/Versions/3.11/lib/python3.11/site-packages/starlette/routing.py:288: in handle
    await self.app(scope, receive, send)
/Library/Frameworks/Python.framework/Versions/3.11/lib/python3.11/site-packages/starlette/routing.py:76: in app
    await wrap_app_handling_exceptions(app, request)(scope, receive, send)
/Library/Frameworks/Python.framework/Versions/3.11/lib/python3.11/site-packages/starlette/_exception_handler.py:53: in wrapped_app
    raise exc
/Library/Frameworks/Python.framework/Versions/3.11/lib/python3.11/site-packages/starlette/_exception_handler.py:42: in wrapped_app
    await app(scope, receive, sender)
/Library/Frameworks/Python.framework/Versions/3.11/lib/python3.11/site-packages/starlette/routing.py:73: in app
    response = await f(request)
               ^^^^^^^^^^^^^^^^
/Library/Frameworks/Python.framework/Versions/3.11/lib/python3.11/site-packages/fastapi/routing.py:301: in app
    raw_response = await run_endpoint_function(
/Library/Frameworks/Python.framework/Versions/3.11/lib/python3.11/site-packages/fastapi/routing.py:212: in run_endpoint_function
    return await dependant.call(**values)
           ^^^^^^^^^^^^^^^^^^^^^^^^^^^^^^
api/multimodal.py:283: in get_weather
    if not await has_active_session(u_id, bot_id):
           ^^^^^^^^^^^^^^^^^^^^^^^^^^^^^^^^^^^^^^
services/redis_cache.py:96: in has_active_session
    manager = get_redis_manager()
              ^^^^^^^^^^^^^^^^^^^
_ _ _ _ _ _ _ _ _ _ _ _ _ _ _ _ _ _ _ _ _ _ _ _ _ _ _ _ _ _ _ _ _ _ _ _ _ _ _ _ 

    def get_redis_manager() -> RedisManager:
        """Get or create the Redis Stack manager singleton."""
        global _redis_manager
        if _redis_manager is None:
            settings = get_settings()
            _redis_manager = RedisManager(
>               host=settings.REDIS_HOST,
                     ^^^^^^^^^^^^^^^^^^^
                port=settings.REDIS_PORT,
                db=settings.REDIS_DB,
            )
E           AttributeError: 'MockSettings' object has no attribute 'REDIS_HOST'

services/redis_cache.py:30: AttributeError
______ TestVoiceNoteEndpoint.test_voice_note_rejects_unsupported_language ______

self = <tests.test_voice_websocket.TestVoiceNoteEndpoint object at 0x103d344d0>
client = <starlette.testclient.TestClient object at 0x1048ac610>
mock_supabase_profile = <AsyncMock name='get_user_profile' id='4423092688'>

    def test_voice_note_rejects_unsupported_language(self, client, mock_supabase_profile):
        """POST /api/voice/note should 400 for unsupported language."""
        with patch(
            "config.mappings.validate_language",
            return_value=False,
        ), patch(
            "config.mappings.get_supported_languages",
            return_value=["english", "hindi"],
        ):
>           response = client.post(
                "/api/voice/note",
                json={
                    "bot_id": TEST_BOT_ID,
                    "message": "Hello",
                    "language": "klingon",
                },
                headers={"Authorization": "Bearer test-token"},
            )

tests/test_voice_websocket.py:85: 
_ _ _ _ _ _ _ _ _ _ _ _ _ _ _ _ _ _ _ _ _ _ _ _ _ _ _ _ _ _ _ _ _ _ _ _ _ _ _ _ 
/Library/Frameworks/Python.framework/Versions/3.11/lib/python3.11/site-packages/starlette/testclient.py:593: in post
    return super().post(
/Library/Frameworks/Python.framework/Versions/3.11/lib/python3.11/site-packages/httpx/_client.py:1144: in post
    return self.request(
/Library/Frameworks/Python.framework/Versions/3.11/lib/python3.11/site-packages/starlette/testclient.py:484: in request
    return super().request(
/Library/Frameworks/Python.framework/Versions/3.11/lib/python3.11/site-packages/httpx/_client.py:825: in request
    return self.send(request, auth=auth, follow_redirects=follow_redirects)
           ^^^^^^^^^^^^^^^^^^^^^^^^^^^^^^^^^^^^^^^^^^^^^^^^^^^^^^^^^^^^^^^^
/Library/Frameworks/Python.framework/Versions/3.11/lib/python3.11/site-packages/httpx/_client.py:914: in send
    response = self._send_handling_auth(
/Library/Frameworks/Python.framework/Versions/3.11/lib/python3.11/site-packages/httpx/_client.py:942: in _send_handling_auth
    response = self._send_handling_redirects(
/Library/Frameworks/Python.framework/Versions/3.11/lib/python3.11/site-packages/httpx/_client.py:979: in _send_handling_redirects
    response = self._send_single_request(request)
               ^^^^^^^^^^^^^^^^^^^^^^^^^^^^^^^^^^
/Library/Frameworks/Python.framework/Versions/3.11/lib/python3.11/site-packages/httpx/_client.py:1014: in _send_single_request
    response = transport.handle_request(request)
               ^^^^^^^^^^^^^^^^^^^^^^^^^^^^^^^^^
/Library/Frameworks/Python.framework/Versions/3.11/lib/python3.11/site-packages/starlette/testclient.py:377: in handle_request
    raise exc
/Library/Frameworks/Python.framework/Versions/3.11/lib/python3.11/site-packages/starlette/testclient.py:374: in handle_request
    portal.call(self.app, scope, receive, send)
/Library/Frameworks/Python.framework/Versions/3.11/lib/python3.11/site-packages/anyio/from_thread.py:277: in call
    return cast(T_Retval, self.start_task_soon(func, *args).result())
                          ^^^^^^^^^^^^^^^^^^^^^^^^^^^^^^^^^^^^^^^^^^
/Library/Frameworks/Python.framework/Versions/3.11/lib/python3.11/concurrent/futures/_base.py:456: in result
    return self.__get_result()
           ^^^^^^^^^^^^^^^^^^^
/Library/Frameworks/Python.framework/Versions/3.11/lib/python3.11/concurrent/futures/_base.py:401: in __get_result
    raise self._exception
/Library/Frameworks/Python.framework/Versions/3.11/lib/python3.11/site-packages/anyio/from_thread.py:217: in _call_func
    retval = await retval
             ^^^^^^^^^^^^
/Library/Frameworks/Python.framework/Versions/3.11/lib/python3.11/site-packages/fastapi/applications.py:1054: in __call__
    await super().__call__(scope, receive, send)
/Library/Frameworks/Python.framework/Versions/3.11/lib/python3.11/site-packages/starlette/applications.py:113: in __call__
    await self.middleware_stack(scope, receive, send)
/Library/Frameworks/Python.framework/Versions/3.11/lib/python3.11/site-packages/starlette/middleware/errors.py:187: in __call__
    raise exc
/Library/Frameworks/Python.framework/Versions/3.11/lib/python3.11/site-packages/starlette/middleware/errors.py:165: in __call__
    await self.app(scope, receive, _send)
/Library/Frameworks/Python.framework/Versions/3.11/lib/python3.11/site-packages/starlette/middleware/cors.py:85: in __call__
    await self.app(scope, receive, send)
/Library/Frameworks/Python.framework/Versions/3.11/lib/python3.11/site-packages/starlette/middleware/exceptions.py:62: in __call__
    await wrap_app_handling_exceptions(self.app, conn)(scope, receive, send)
/Library/Frameworks/Python.framework/Versions/3.11/lib/python3.11/site-packages/starlette/_exception_handler.py:53: in wrapped_app
    raise exc
/Library/Frameworks/Python.framework/Versions/3.11/lib/python3.11/site-packages/starlette/_exception_handler.py:42: in wrapped_app
    await app(scope, receive, sender)
/Library/Frameworks/Python.framework/Versions/3.11/lib/python3.11/site-packages/starlette/routing.py:715: in __call__
    await self.middleware_stack(scope, receive, send)
/Library/Frameworks/Python.framework/Versions/3.11/lib/python3.11/site-packages/starlette/routing.py:735: in app
    await route.handle(scope, receive, send)
/Library/Frameworks/Python.framework/Versions/3.11/lib/python3.11/site-packages/starlette/routing.py:288: in handle
    await self.app(scope, receive, send)
/Library/Frameworks/Python.framework/Versions/3.11/lib/python3.11/site-packages/starlette/routing.py:76: in app
    await wrap_app_handling_exceptions(app, request)(scope, receive, send)
/Library/Frameworks/Python.framework/Versions/3.11/lib/python3.11/site-packages/starlette/_exception_handler.py:53: in wrapped_app
    raise exc
/Library/Frameworks/Python.framework/Versions/3.11/lib/python3.11/site-packages/starlette/_exception_handler.py:42: in wrapped_app
    await app(scope, receive, sender)
/Library/Frameworks/Python.framework/Versions/3.11/lib/python3.11/site-packages/starlette/routing.py:73: in app
    response = await f(request)
               ^^^^^^^^^^^^^^^^
/Library/Frameworks/Python.framework/Versions/3.11/lib/python3.11/site-packages/fastapi/routing.py:327: in app
    content = await serialize_response(
_ _ _ _ _ _ _ _ _ _ _ _ _ _ _ _ _ _ _ _ _ _ _ _ _ _ _ _ _ _ _ _ _ _ _ _ _ _ _ _ 

    async def serialize_response(
        *,
        field: Optional[ModelField] = None,
        response_content: Any,
        include: Optional[IncEx] = None,
        exclude: Optional[IncEx] = None,
        by_alias: bool = True,
        exclude_unset: bool = False,
        exclude_defaults: bool = False,
        exclude_none: bool = False,
        is_coroutine: bool = True,
    ) -> Any:
        if field:
            errors = []
            if not hasattr(field, "serialize"):
                # pydantic v1
                response_content = _prepare_response_content(
                    response_content,
                    exclude_unset=exclude_unset,
                    exclude_defaults=exclude_defaults,
                    exclude_none=exclude_none,
                )
            if is_coroutine:
                value, errors_ = field.validate(response_content, {}, loc=("response",))
            else:
                value, errors_ = await run_in_threadpool(
                    field.validate, response_content, {}, loc=("response",)
                )
            if isinstance(errors_, list):
                errors.extend(errors_)
            elif errors_:
                errors.append(errors_)
            if errors:
>               raise ResponseValidationError(
                    errors=_normalize_errors(errors), body=response_content
                )
E               fastapi.exceptions.ResponseValidationError: 1 validation errors:
E                 {'type': 'model_attributes_type', 'loc': ('response',), 'msg': 'Input should be a valid dictionary or object to extract fields from', 'input': None}

/Library/Frameworks/Python.framework/Versions/3.11/lib/python3.11/site-packages/fastapi/routing.py:176: ResponseValidationError
=============================== warnings summary ===============================
tests/test_auth.py::TestSignupFlow::test_signup_creates_auth_and_profile
tests/test_auth.py::TestSignupFlow::test_signup_creates_auth_and_profile
  /Library/Frameworks/Python.framework/Versions/3.11/lib/python3.11/site-packages/pydantic/_internal/_config.py:295: PydanticDeprecatedSince20: Support for class-based `config` is deprecated, use ConfigDict instead. Deprecated in Pydantic V2.0 to be removed in V3.0. See Pydantic V2 Migration Guide at https://errors.pydantic.dev/2.10/migration/
    warnings.warn(DEPRECATION_MESSAGE, DeprecationWarning)

tests/test_auth.py::TestSignupFlow::test_signup_creates_auth_and_profile
  /Library/Frameworks/Python.framework/Versions/3.11/lib/python3.11/site-packages/supabase/__init__.py:1: DeprecationWarning: The `gotrue` package is deprecated, is not going to receive updates in the future. Please, use `supabase_auth` instead.
    from gotrue.errors import (

-- Docs: https://docs.pytest.org/en/stable/how-to/capture-warnings.html
=========================== short test summary info ============================
FAILED tests/test_auth.py::TestProfileCRUD::test_get_profile_returns_404_if_missing
FAILED tests/test_multimodal.py::TestSelfieGeneration::test_selfie_endpoint_generates_and_returns_url
FAILED tests/test_multimodal.py::TestSelfieGeneration::test_selfie_endpoint_handles_failure
FAILED tests/test_multimodal.py::TestMemeGeneration::test_meme_endpoint_returns_text_meme
FAILED tests/test_multimodal.py::TestImageDescription::test_describe_image_with_valid_file
FAILED tests/test_multimodal.py::TestImageDescription::test_describe_image_rejects_non_image
FAILED tests/test_multimodal.py::TestWeatherEndpoint::test_weather_uses_safe_format
FAILED tests/test_voice_websocket.py::TestVoiceNoteEndpoint::test_voice_note_rejects_unsupported_language
ERROR tests/test_chat_write_behind.py::TestAppendMessage::test_append_message_stores_json_in_redis
ERROR tests/test_chat_write_behind.py::TestAppendMessage::test_append_message_trims_list
ERROR tests/test_chat_write_behind.py::TestAppendMessage::test_append_message_sets_ttl
ERROR tests/test_chat_write_behind.py::TestLoadContext::test_load_context_returns_parsed_messages
ERROR tests/test_chat_write_behind.py::TestLoadContext::test_load_context_returns_empty_on_miss
ERROR tests/test_chat_write_behind.py::TestWarmCacheFromDB::test_warm_cache_loads_all_messages
ERROR tests/test_chat_write_behind.py::TestWarmCacheFromDB::test_warm_cache_trims_to_max
ERROR tests/test_chat_write_behind.py::TestWarmCacheFromDB::test_warm_cache_returns_empty_on_no_messages
ERROR tests/test_chat_write_behind.py::TestWarmCacheFromDB::test_warm_cache_fallback_on_redis_error
ERROR tests/test_chat_write_behind.py::TestChatEndpointIntegration::test_chat_send_returns_bot_response
ERROR tests/test_games.py::TestGameStart::test_start_game_creates_session_and_redis_state
ERROR tests/test_games.py::TestGameStart::test_start_game_rejects_invalid_game_id
ERROR tests/test_games.py::TestGameStart::test_start_game_rejects_if_game_already_active
ERROR tests/test_games.py::TestGameAction::test_game_action_increments_turn_count
ERROR tests/test_games.py::TestGameAction::test_game_action_auto_ends_at_max_turns
ERROR tests/test_games.py::TestGameAction::test_game_action_rejects_wrong_session_id
ERROR tests/test_games.py::TestGameAction::test_game_action_rejects_when_no_active_game
ERROR tests/test_games.py::TestGameEnd::test_end_game_cleans_up_redis_and_updates_db
ERROR tests/test_games.py::TestGameEnd::test_end_game_rejects_wrong_session_id
ERROR tests/test_games.py::TestGameEnd::test_end_game_rejects_when_no_active_game
ERROR tests/test_voice_websocket.py::TestVoiceNoteEndpoint::test_voice_note_generates_audio_and_returns_url
ERROR tests/test_voice_websocket.py::TestVoiceNoteEndpoint::test_voice_note_returns_500_on_tts_failure
ERROR tests/test_voice_websocket.py::TestVoiceWebSocketAuth::test_websocket_rejects_invalid_jwt
ERROR tests/test_voice_websocket.py::TestVoiceWebSocketLifecycle::test_websocket_accepts_valid_connection
ERROR tests/test_voice_websocket.py::TestVoiceWebSocketLifecycle::test_websocket_clears_voice_state_on_disconnect
ERROR tests/test_voice_websocket.py::TestVoiceCallRedisState::test_set_voice_call_active
ERROR tests/test_voice_websocket.py::TestVoiceCallRedisState::test_clear_voice_call
ERROR tests/test_xp_gamification.py::TestXPIncrement::test_increment_xp_uses_hincrby
ERROR tests/test_xp_gamification.py::TestXPIncrement::test_increment_xp_accumulates
ERROR tests/test_xp_gamification.py::TestGetAllPendingXP::test_get_all_pending_xp_parses_flat_list
ERROR tests/test_xp_gamification.py::TestGetAllPendingXP::test_get_all_pending_xp_returns_empty_when_none
ERROR tests/test_xp_gamification.py::TestAwardXP::test_award_xp_applies_streak_multiplier
ERROR tests/test_xp_gamification.py::TestAwardXP::test_award_xp_zero_for_unknown_action
ERROR tests/test_xp_gamification.py::TestAwardXP::test_award_xp_with_custom_amount
ERROR tests/test_xp_gamification.py::TestAwardXP::test_award_xp_handles_missing_profile_gracefully
ERROR tests/test_xp_gamification.py::TestFlushXPToDB::test_flush_calls_upsert_for_each_pending_entry
ERROR tests/test_xp_gamification.py::TestFlushXPToDB::test_flush_deletes_field_after_success
ERROR tests/test_xp_gamification.py::TestFlushXPToDB::test_flush_skips_on_empty_pending
ERROR tests/test_xp_gamification.py::TestFlushXPToDB::test_flush_retains_field_on_upsert_failure
ERROR tests/test_xp_gamification.py::TestSessionMilestones::test_session_message_count_increments
ERROR tests/test_xp_gamification.py::TestSessionMilestones::test_session_count_sets_expiry
============= 8 failed, 22 passed, 3 warnings, 41 errors in 14.45s =============
